<html>
<body>
<pre>
<h1>µVision Build Log</h1>
<h2>Tool Versions:</h2>
IDE-Version: ¦ÌVision V5.37.0.0
Copyright (C) 2022 ARM Ltd and ARM Germany GmbH. All rights reserved.
License Information: m17718256780@163.com m17718256780@163.com, m17718256780@163.com, LIC=W96CK-ZNV5J-YD1K5-GMJKQ-Q16VZ-7QPWJ
 
Tool Versions:
Toolchain:       MDK-ARM Professional  Version: 5.37.0.0
Toolchain Path:  S:\Keil\ARM\ARM_Compile_5.06\Bin
C Compiler:      Armcc.exe V5.06 update 7 (build 960)
Assembler:       Armasm.exe V5.06 update 7 (build 960)
Linker/Locator:  ArmLink.exe V5.06 update 7 (build 960)
Library Manager: ArmAr.exe V5.06 update 7 (build 960)
Hex Converter:   FromElf.exe V5.06 update 7 (build 960)
CPU DLL:         SARMCM3.DLL V5.37.0.0
Dialog DLL:      DARMSTM.DLL V1.69.1.0
Target DLL:      STLink\ST-LINKIII-KEIL_SWO.dll V3.0.9.0
Dialog DLL:      TARMSTM.DLL V1.67.1.0
 
<h2>Project:</h2>
S:\CODE\W2_Wardrobe\W2_V1.3\Project\W2_NO1.uvprojx
Project File Date:  09/20/2022

<h2>Output:</h2>
*** Using Compiler 'V5.06 update 7 (build 960)', folder: 'S:\Keil\ARM\ARM_Compile_5.06\Bin'
Rebuild target 'W2_NO1_103'
compiling MQTTDeserializePublish.c...
compiling MQTTConnectServer.c...
compiling MQTTConnectClient.c...
compiling event_task.c...
compiling datetime.c...
compiling MQTTFormat.c...
compiling main_timer.c...
compiling main.c...
compiling MQTTSerializePublish.c...
compiling key_task.c...
compiling key.c...
compiling MQTTPacket.c...
compiling mqtt_msg.c...
compiling mode.c...
compiling mode_task.c...
compiling sensor.c...
compiling event.c...
compiling device.c...
compiling MQTTSubscribeClient.c...
compiling MQTTSubscribeServer.c...
compiling MQTTUnsubscribeClient.c...
compiling MQTTUnsubscribeServer.c...
compiling system.c...
compiling mcu_api.c...
compiling protocol.c...
compiling tuya_wifi_usart.c...
compiling buzzer.c...
compiling sensor_DHT11.c...
compiling sensor_DHT20.c...
compiling sensor_JW01.c...
compiling wifi_buffer.c...
compiling config_030.c...
compiling config_103.c...
compiling wifi_LPC330.c...
compiling timer_main.c...
compiling key_gpio.c...
compiling device_gpio.c...
compiling DHT11_swp.c...
compiling DHT20_i2c.c...
compiling wifi_usart.c...
compiling usart.c...
compiling delay.c...
compiling JW01_usart.c...
compiling sys.c...
compiling stm32f10x_exti.c...
assembling startup_stm32f10x_md.s...
compiling stm32f10x_misc.c...
compiling stm32f10x_gpio.c...
compiling stm32f10x_i2c.c...
compiling stm32f10x_rtc.c...
compiling stm32f10x_rcc.c...
compiling stm32f10x_spi.c...
compiling system_stm32f10x.c...
compiling stm32f10x_usart.c...
compiling stm32f10x_tim.c...
linking...
Program Size: Code=9832 RO-data=368 RW-data=176 ZI-data=2504  
FromELF: creating hex file...
".\obj\W2_NO1.axf" - 0 Error(s), 0 Warning(s).

<h2>Software Packages used:</h2>

Package Vendor: ARM
                http://www.keil.com/pack/ARM.CMSIS.5.9.0.pack
                ARM.CMSIS.5.9.0
                CMSIS (Common Microcontroller Software Interface Standard)
   * Component: CORE Version: 5.6.0

Package Vendor: Keil
                http://www.keil.com/pack/Keil.STM32F1xx_DFP.2.4.0.pack
                Keil.STM32F1xx_DFP.2.4.0
                STMicroelectronics STM32F1 Series Device Support, Drivers and Examples

<h2>Collection of Component include folders:</h2>
  ./RTE/_W2_NO1_103
  S:/Keil/Pack/ARM/CMSIS/5.9.0/CMSIS/Core/Include
  S:/Keil/Pack/Keil/STM32F1xx_DFP/2.4.0/Device/Include

<h2>Collection of Component Files used:</h2>

   * Component: ARM::CMSIS:CORE:5.6.0
Build Time Elapsed:  00:00:03
</pre>
</body>
</html>
