<html>
<body>
<pre>
<h1>µVision Build Log</h1>
<h2>Project:</h2>
E:\STM32\W2_NO1\Project\W2_NO1.uvproj
Project File Date:  10/07/2021

<h2>Output:</h2>
Build target 'W2_NO1'
linking...
Program Size: Code=6248 RO-data=360 RW-data=104 ZI-data=2040  
".\obj\W2_NO1.axf" - 0 Error(s), 0 Warning(s).
Load "E:\\STM32\\W2_NO1\\Project\\obj\\W2_NO1.axf" 
No Algorithm found for: 08000000H - 08001A37H
Erase skipped!
Error: Flash Download failed  -  "Cortex-M0"
</pre>
</body>
</html>
warning:  #1295-D: Deprecated declaration mqtt_subscribe - give arg types
  void mqtt_subscribe();
..\User\driver\mqtt_api.h(12): warning:  #1295-D: Deprecated declaration mqtt_unsubscribe - give arg types
  void mqtt_unsubscribe();
..\User\main\main.c: 4 warnings, 0 errors
compiling main_task.c...
compiling mqtt_msg.c...
compiling device_control.c...
..\User\main\device_control.c(94): warning:  #1-D: last line of file ends without a newline
  }
..\User\main\device_control.c: 1 warning, 0 errors
compiling mqtt_api.c...
..\User\driver\mqtt_api.h(5): warning:  #1295-D: Deprecated declaration mqtt_disconnect - give arg types
  void mqtt_disconnect();
..\User\driver\mqtt_api.h(9): warning:  #1295-D: Deprecated declaration mqtt_publish - give arg types
  void mqtt_publish();
..\User\driver\mqtt_api.h(11): warning:  #1295-D: Deprecated declaration mqtt_subscribe - give arg types
  void mqtt_subscribe();
..\User\driver\mqtt_api.h(12): warning:  #1295-D: Deprecated declaration mqtt_unsubscribe - give arg types
  void mqtt_unsubscribe();
..\User\driver\mqtt_api.c(27): warning:  #111-D: statement is unreachable
        if (MQTTPacket_read(buf, buflen, transport_getdata) == CONNACK)
..\User\driver\mqtt_api.c(11): warning:  #550-D: variable "rc" was set but never used
        int rc = 0;
..\User\driver\mqtt_api.c: 6 warnings, 0 errors
compiling wifi_command.c...
..\User\driver\wifi_command.c(160): warning:  #177-D: variable "sendBuffer" was declared but never referenced
        u8 sendBuffer[64];
..\User\driver\wifi_command.c: 1 warning, 0 errors
compiling wifi_usart.c...
..\User\driver\wifi_usart.c(119): warning:  #223-D: function "strlen" declared implicitly
    for(i=0;i<strlen(p);i++)
..\User\driver\wifi_usart.c(135): warning:  #223-D: function "strlen" declared implicitly
        n = strlen(p);
..\User\driver\wifi_usart.c(134): warning:  #550-D: variable "n" was set but never used
        char i,n;
..\User\driver\wifi_usart.c(178): warning:  #1-D: last line of file ends without a newline
  }
..\User\driver\wifi_usart.c: 4 warnings, 0 errors
compiling timer.c...
compiling gpio.c...
compiling key_i2c.c...
..\User\config\key_i2c.c(55): warning:  #177-D: function "I2C_Ack" was declared but never referenced
  static void I2C_Ack(void)
..\User\config\key_i2c.c(68): warning:  #177-D: function "I2C_NAck" was declared but never referenced
  static void I2C_NAck(void)
..\User\config\key_i2c.c(84): warning:  #177-D: function "I2C_Wait_Ack" was declared but never referenced
  static u8 I2C_Wait_Ack(void)
..\User\config\key_i2c.c(124): warning:  #177-D: function "I2C_Read_Byte" was declared but never referenced
  static u8 I2C_Read_Byte(void)
..\User\config\key_i2c.c: 4 warnings, 0 errors
compiling segment_spi.c...
compiling wifi.c...
..\User\config\wifi.c(93): warning:  #1-D: last line of file ends without a newline
  }
..\User\config\wifi.c: 1 warning, 0 errors
compiling delay.c...
compiling sys.c...
compiling MQTTConnectClient.c...
compiling MQTTConnectServer.c...
compiling MQTTDeserializePublish.c...
compiling MQTTFormat.c...
compiling MQTTPacket.c...
compiling MQTTSerializePublish.c...
compiling MQTTSubscribeClient.c...
compiling MQTTSubscribeServer.c...
compiling MQTTUnsubscribeClient.c...
compiling MQTTUnsubscribeServer.c...
compiling stm32f0xx_adc.c...
compiling stm32f0xx_dma.c...
compiling stm32f0xx_gpio.c...
compiling stm32f0xx_misc.c...
compiling stm32f0xx_rcc.c...
compiling stm32f0xx_rtc.c...
compiling stm32f0xx_spi.c...
compiling stm32f0xx_tim.c...
compiling stm32f0xx_usart.c...
compiling system_stm32f0xx.c...
assembling startup_stm32f030.s...
linking...
Program Size: Code=6248 RO-data=360 RW-data=104 ZI-data=2040  
".\obj\W2_NO1.axf" - 0 Error(s), 21 Warning(s).
