Component: ARM Compiler 5.06 update 7 (build 960) Tool: armlink [4d3601]

==============================================================================

Section Cross References

    main.o(i.main) refers to main.o(i.sytem_init) for sytem_init
    main.o(i.main) refers to jw01_usart.o(i.JW01_HW_Poweron) for JW01_HW_Poweron
    main.o(i.main) refers to wifi_usart.o(i.WIFI_HW_Poweron) for WIFI_HW_Poweron
    main.o(i.main) refers to mcu_api.o(i.wifi_protocol_init) for wifi_protocol_init
    main.o(i.main) refers to delay.o(i.delay_ms) for delay_ms
    main.o(i.main) refers to jw01_usart.o(i.JW01_USART_Enable_Rx) for JW01_USART_Enable_Rx
    main.o(i.main) refers to wifi_usart.o(i.WIFI_USART_Enable_Rx) for WIFI_USART_Enable_Rx
    main.o(i.main) refers to usart.o(i.uart_init) for uart_init
    main.o(i.main) refers to mcu_api.o(i.wifi_uart_service) for wifi_uart_service
    main.o(i.main) refers to main.o(.data) for .data
    main.o(i.sytem_init) refers to delay.o(i.delay_init) for delay_init
    main.o(i.sytem_init) refers to timer_main.o(i.Timer_Main_Config) for Timer_Main_Config
    main.o(i.sytem_init) refers to timer_main.o(i.Timer_BUZ_Config) for Timer_BUZ_Config
    main.o(i.sytem_init) refers to device.o(i.Device_Init) for Device_Init
    main.o(i.sytem_init) refers to sensor_dht20.o(i.Sensor_DHT20_Init) for Sensor_DHT20_Init
    main.o(i.sytem_init) refers to sensor_jw01.o(i.Sensor_JW01_Init) for Sensor_JW01_Init
    main.o(i.sytem_init) refers to key.o(i.Key_Init) for Key_Init
    main.o(i.sytem_init) refers to tuya_wifi_usart.o(i.WIFI_Init) for WIFI_Init
    main_timer.o(i.AlarmTIMEreset) refers to stm32f10x_tim.o(i.TIM_Cmd) for TIM_Cmd
    main_timer.o(i.AlarmTIMEreset) refers to main_timer.o(.data) for .data
    main_timer.o(i.AlarmTIMEset) refers to stm32f10x_tim.o(i.TIM_Cmd) for TIM_Cmd
    main_timer.o(i.AlarmTIMEset) refers to main_timer.o(.data) for .data
    main_timer.o(i.TIM2_IRQHandler) refers to stm32f10x_tim.o(i.TIM_GetITStatus) for TIM_GetITStatus
    main_timer.o(i.TIM2_IRQHandler) refers to stm32f10x_tim.o(i.TIM_ClearITPendingBit) for TIM_ClearITPendingBit
    main_timer.o(i.TIM2_IRQHandler) refers to stm32f10x_gpio.o(i.GPIO_WriteBit) for GPIO_WriteBit
    main_timer.o(i.TIM2_IRQHandler) refers to main_timer.o(.data) for .data
    main_timer.o(i.TIM4_IRQHandler) refers to stm32f10x_tim.o(i.TIM_GetITStatus) for TIM_GetITStatus
    main_timer.o(i.TIM4_IRQHandler) refers to stm32f10x_tim.o(i.TIM_ClearITPendingBit) for TIM_ClearITPendingBit
    main_timer.o(i.TIM4_IRQHandler) refers to sensor_dht20.o(i.DHT20_update) for DHT20_update
    main_timer.o(i.TIM4_IRQHandler) refers to sensor_jw01.o(i.JW01_update) for JW01_update
    main_timer.o(i.TIM4_IRQHandler) refers to protocol.o(i.all_data_update) for all_data_update
    main_timer.o(i.TIM4_IRQHandler) refers to key_task.o(i.Key_Task) for Key_Task
    main_timer.o(i.TIM4_IRQHandler) refers to mode_task.o(i.Mode_Task) for Mode_Task
    main_timer.o(i.TIM4_IRQHandler) refers to buzzer.o(i.Buzzer_Output) for Buzzer_Output
    main_timer.o(i.TIM4_IRQHandler) refers to mode.o(i.get_work_mode) for get_work_mode
    main_timer.o(i.TIM4_IRQHandler) refers to sensor_dht20.o(i.DHT20_get_temperature) for DHT20_get_temperature
    main_timer.o(i.TIM4_IRQHandler) refers to sensor_dht20.o(i.DHT20_get_humidity) for DHT20_get_humidity
    main_timer.o(i.TIM4_IRQHandler) refers to mode.o(i.enter_honggan_mode) for enter_honggan_mode
    main_timer.o(i.TIM4_IRQHandler) refers to main_timer.o(i.AlarmTIMEset) for AlarmTIMEset
    main_timer.o(i.TIM4_IRQHandler) refers to sensor_jw01.o(i.JW01_get_TVOC) for JW01_get_TVOC
    main_timer.o(i.TIM4_IRQHandler) refers to sensor_jw01.o(i.JW01_get_CH2O) for JW01_get_CH2O
    main_timer.o(i.TIM4_IRQHandler) refers to sensor_jw01.o(i.JW01_get_CO2) for JW01_get_CO2
    main_timer.o(i.TIM4_IRQHandler) refers to mode.o(i.enter_jinhua_mode) for enter_jinhua_mode
    main_timer.o(i.TIM4_IRQHandler) refers to mode.o(i.get_work_type) for get_work_type
    main_timer.o(i.TIM4_IRQHandler) refers to mode.o(i.enter_zidong_mode) for enter_zidong_mode
    main_timer.o(i.TIM4_IRQHandler) refers to main_timer.o(i.AlarmTIMEreset) for AlarmTIMEreset
    main_timer.o(i.TIM4_IRQHandler) refers to stm32f10x_tim.o(i.TIM_Cmd) for TIM_Cmd
    main_timer.o(i.TIM4_IRQHandler) refers to stm32f10x_gpio.o(i.GPIO_WriteBit) for GPIO_WriteBit
    main_timer.o(i.TIM4_IRQHandler) refers to stm32f10x_gpio.o(i.GPIO_ReadInputDataBit) for GPIO_ReadInputDataBit
    main_timer.o(i.TIM4_IRQHandler) refers to device.o(i.CY_turn) for CY_turn
    main_timer.o(i.TIM4_IRQHandler) refers to device.o(i.FAN_turn) for FAN_turn
    main_timer.o(i.TIM4_IRQHandler) refers to device.o(i.UV_turn) for UV_turn
    main_timer.o(i.TIM4_IRQHandler) refers to main_timer.o(.data) for .data
    key.o(i.Key_Init) refers to key_gpio.o(i.Key_GPIO_Config) for Key_GPIO_Config
    key.o(i.Key_Scan) refers to key_gpio.o(i.Key_GPIO_Get_Key) for Key_GPIO_Get_Key
[...]
    i.TIM_Cmd                                0x0800148e   Section        0  stm32f10x_tim.o(i.TIM_Cmd)
    i.TIM_GetITStatus                        0x080014a6   Section        0  stm32f10x_tim.o(i.TIM_GetITStatus)
    i.TIM_ITConfig                           0x080014be   Section        0  stm32f10x_tim.o(i.TIM_ITConfig)
    i.TIM_TimeBaseInit                       0x080014d4   Section        0  stm32f10x_tim.o(i.TIM_TimeBaseInit)
    i.Timer_BUZ_Config                       0x08001570   Section        0  timer_main.o(i.Timer_BUZ_Config)
    i.Timer_Main_Config                      0x080015b4   Section        0  timer_main.o(i.Timer_Main_Config)
    i.USART1_IRQHandler                      0x08001604   Section        0  tuya_wifi_usart.o(i.USART1_IRQHandler)
    i.USART2_IRQHandler                      0x08001678   Section        0  sensor_jw01.o(i.USART2_IRQHandler)
    i.USART3_IRQHandler                      0x080016f4   Section        0  usart.o(i.USART3_IRQHandler)
    i.USART_ClearFlag                        0x08001760   Section        0  stm32f10x_usart.o(i.USART_ClearFlag)
    i.USART_ClearITPendingBit                0x08001768   Section        0  stm32f10x_usart.o(i.USART_ClearITPendingBit)
    i.USART_Cmd                              0x08001778   Section        0  stm32f10x_usart.o(i.USART_Cmd)
    i.USART_Enable                           0x08001790   Section        0  config_103.o(i.USART_Enable)
    i.USART_GetITStatus                      0x080017a8   Section        0  stm32f10x_usart.o(i.USART_GetITStatus)
    i.USART_ITConfig                         0x080017e8   Section        0  stm32f10x_usart.o(i.USART_ITConfig)
    i.USART_Init                             0x08001820   Section        0  stm32f10x_usart.o(i.USART_Init)
    i.USART_ReceiveData                      0x080018dc   Section        0  stm32f10x_usart.o(i.USART_ReceiveData)
    i.USART_SendData                         0x080018e4   Section        0  stm32f10x_usart.o(i.USART_SendData)
    i.USART_Setup                            0x080018ec   Section        0  config_103.o(i.USART_Setup)
    i.UV_turn                                0x08001910   Section        0  device.o(i.UV_turn)
    i.UartBuf_Cnt                            0x08001940   Section        0  tuya_wifi_usart.o(i.UartBuf_Cnt)
    UartBuf_Cnt                              0x08001941   Thumb Code    12  tuya_wifi_usart.o(i.UartBuf_Cnt)
    i.UartBuf_Cnt                            0x0800194c   Section        0  sensor_jw01.o(i.UartBuf_Cnt)
    UartBuf_Cnt                              0x0800194d   Thumb Code    12  sensor_jw01.o(i.UartBuf_Cnt)
    i.UartBuf_RD                             0x08001958   Section        0  tuya_wifi_usart.o(i.UartBuf_RD)
    UartBuf_RD                               0x08001959   Thumb Code    20  tuya_wifi_usart.o(i.UartBuf_RD)
    i.UartBuf_RD                             0x0800196c   Section        0  sensor_jw01.o(i.UartBuf_RD)
    UartBuf_RD                               0x0800196d   Thumb Code    20  sensor_jw01.o(i.UartBuf_RD)
    i.UartBuf_WD                             0x08001980   Section        0  tuya_wifi_usart.o(i.UartBuf_WD)
    UartBuf_WD                               0x08001981   Thumb Code    18  tuya_wifi_usart.o(i.UartBuf_WD)
    i.UartBuf_WD                             0x08001992   Section        0  sensor_jw01.o(i.UartBuf_WD)
    UartBuf_WD                               0x08001993   Thumb Code    18  sensor_jw01.o(i.UartBuf_WD)
    i.WIFI_HW_Poweron                        0x080019a4   Section        0  wifi_usart.o(i.WIFI_HW_Poweron)
    i.WIFI_Init                              0x080019cc   Section        0  tuya_wifi_usart.o(i.WIFI_Init)
    i.WIFI_USART_Config                      0x080019f8   Section        0  wifi_usart.o(i.WIFI_USART_Config)
    i.WIFI_USART_Enable_Rx                   0x08001a54   Section        0  wifi_usart.o(i.WIFI_USART_Enable_Rx)
    i.WIFI_USART_Put_Char                    0x08001a64   Section        0  tuya_wifi_usart.o(i.WIFI_USART_Put_Char)
    i.XX_turn                                0x08001a88   Section        0  device.o(i.XX_turn)
    i._sys_exit                              0x08001ab8   Section        0  usart.o(i._sys_exit)
    i.all_data_update                        0x08001aba   Section        0  protocol.o(i.all_data_update)
    i.byte_to_int                            0x08001b08   Section        0  mcu_api.o(i.byte_to_int)
    i.chunjing_off                           0x08001b1e   Section        0  mode.o(i.chunjing_off)
    chunjing_off                             0x08001b1f   Thumb Code     4  mode.o(i.chunjing_off)
    i.data_handle                            0x08001b24   Section        0  system.o(i.data_handle)
    i.data_point_handle                      0x08001bbc   Section        0  system.o(i.data_point_handle)
    data_point_handle                        0x08001bbd   Thumb Code    58  system.o(i.data_point_handle)
    i.delay_init                             0x08001bfc   Section        0  delay.o(i.delay_init)
    i.delay_ms                               0x08001c38   Section        0  delay.o(i.delay_ms)
    i.delay_us                               0x08001c6c   Section        0  delay.o(i.delay_us)
    i.dp_download_auto_handle                0x08001ca0   Section        0  protocol.o(i.dp_download_auto_handle)
    dp_download_auto_handle                  0x08001ca1   Thumb Code    26  protocol.o(i.dp_download_auto_handle)
    i.dp_download_countdown_handle           0x08001cba   Section        0  protocol.o(i.dp_download_countdown_handle)
    dp_download_countdown_handle             0x08001cbb   Thumb Code    26  protocol.o(i.dp_download_countdown_handle)
    i.dp_download_drying_handle              0x08001cd4   Section        0  protocol.o(i.dp_download_drying_handle)
    dp_download_drying_handle                0x08001cd5   Thumb Code    26  protocol.o(i.dp_download_drying_handle)
    i.dp_download_fragrance_handle           0x08001cee   Section        0  protocol.o(i.dp_download_fragrance_handle)
    dp_download_fragrance_handle             0x08001cef   Thumb Code    26  protocol.o(i.dp_download_fragrance_handle)
    i.dp_download_handle                     0x08001d08   Section        0  protocol.o(i.dp_download_handle)
    i.dp_download_mode_handle                0x08001d4e   Section        0  protocol.o(i.dp_download_mode_handle)
    dp_download_mode_handle                  0x08001d4f   Thumb Code    86  protocol.o(i.dp_download_mode_handle)
    i.dp_download_pause_handle               0x08001da4   Section        0  protocol.o(i.dp_download_pause_handle)
    dp_download_pause_handle                 0x08001da5   Thumb Code    26  protocol.o(i.dp_download_pause_handle)
    i.dp_download_start_handle               0x08001dbe   Section        0  protocol.o(i.dp_download_start_handle)
    dp_download_start_handle                 0x08001dbf   Thumb Code    26  protocol.o(i.dp_download_start_handle)
    i.dp_download_switch_handle              0x08001dd8   Section        0  protocol.o(i.dp_download_switch_handle)
    dp_download_switch_handle                0x08001dd9   Thumb Code    26  protocol.o(i.dp_download_switch_handle)
    i.dp_download_uv_handle                  0x08001df2   Section        0  protocol.o(i.dp_download_uv_handle)
    dp_download_uv_handle                    0x08001df3   Thumb Code    26  protocol.o(i.dp_download_uv_handle)
    i.enter_chunjing_mode                    0x08001e0c   Section        0  mode.o(i.enter_chunjing_mode)
    i.enter_honggan_mode                     0x08001e2c   Section        0  mode.o(i.enter_honggan_mode)
    i.enter_jinhua_mode                      0x08001e60   Section        0  mode.o(i.enter_jinhua_mode)
    i.enter_shajun_mode                      0x08001e94   Section        0  mode.o(i.enter_shajun_mode)
    i.enter_xiangxun_mode                    0x08001ec8   Section        0  mode.o(i.enter_xiangxun_mode)
    i.enter_zidong_mode                      0x08001efc   Section        0  mode.o(i.enter_zidong_mode)
    i.get_CH2O                               0x08001f30   Section        0  sensor.o(i.get_CH2O)
    i.get_CO2                                0x08001f34   Section        0  sensor.o(i.get_CO2)
    i.get_TVOC                               0x08001f38   Section        0  sensor.o(i.get_TVOC)
    i.get_check_sum                          0x08001f3c   Section        0  system.o(i.get_check_sum)
    i.get_current_humidity                   0x08001f58   Section        0  sensor.o(i.get_current_humidity)
    i.get_current_temperature                0x08001f62   Section        0  sensor.o(i.get_current_temperature)
    i.get_dowmload_dpid_index                0x08001f6c   Section        0  system.o(i.get_dowmload_dpid_index)
    get_dowmload_dpid_index                  0x08001f6d   Thumb Code    34  system.o(i.get_dowmload_dpid_index)
    i.get_download_cmd_total                 0x08001f94   Section        0  protocol.o(i.get_download_cmd_total)
    i.get_mcu_wifi_mode                      0x08001f98   Section        0  system.o(i.get_mcu_wifi_mode)
    get_mcu_wifi_mode                        0x08001f99   Thumb Code    10  system.o(i.get_mcu_wifi_mode)
    i.get_work_mode                          0x08001fa4   Section        0  mode.o(i.get_work_mode)
    i.get_work_type                          0x08001fb0   Section        0  mode.o(i.get_work_type)
    i.heat_beat_check                        0x08001fbc   Section        0  system.o(i.heat_beat_check)
    heat_beat_check                          0x08001fbd   Thumb Code    46  system.o(i.heat_beat_check)
    i.honggan_off                            0x08001ff0   Section        0  mode.o(i.honggan_off)
    honggan_off                              0x08001ff1   Thumb Code    18  mode.o(i.honggan_off)
    i.honggan_on                             0x08002002   Section        0  mode.o(i.honggan_on)
    honggan_on                               0x08002003   Thumb Code    18  mode.o(i.honggan_on)
    i.jinghua_off                            0x08002014   Section        0  mode.o(i.jinghua_off)
    jinghua_off                              0x08002015   Thumb Code    24  mode.o(i.jinghua_off)
    i.jinghua_on                             0x0800202c   Section        0  mode.o(i.jinghua_on)
    jinghua_on                               0x0800202d   Thumb Code    24  mode.o(i.jinghua_on)
    i.main                                   0x08002044   Section        0  main.o(i.main)
    i.mcu_dp_bool_update                     0x08002084   Section        0  mcu_api.o(i.mcu_dp_bool_update)
    i.mcu_dp_enum_update                     0x080020d4   Section        0  mcu_api.o(i.mcu_dp_enum_update)
    i.mcu_dp_value_update                    0x08002118   Section        0  mcu_api.o(i.mcu_dp_value_update)
    i.mcu_get_dp_download_bool               0x08002174   Section        0  mcu_api.o(i.mcu_get_dp_download_bool)
    i.mcu_get_dp_download_enum               0x08002178   Section        0  mcu_api.o(i.mcu_get_dp_download_enum)
    i.mcu_get_dp_download_value              0x0800217c   Section        0  mcu_api.o(i.mcu_get_dp_download_value)
    i.mcu_set_wifi_mode                      0x08002180   Section        0  mcu_api.o(i.mcu_set_wifi_mode)
    i.my_memcpy                              0x080021a0   Section        0  mcu_api.o(i.my_memcpy)
    i.my_strlen                              0x080021e6   Section        0  mcu_api.o(i.my_strlen)
    i.product_info_update                    0x080021fc   Section        0  system.o(i.product_info_update)
    product_info_update                      0x080021fd   Thumb Code   142  system.o(i.product_info_update)
    i.run_chunjing_mode                      0x080022c8   Section        0  mode.o(i.run_chunjing_mode)
    i.run_honggan_mode                       0x080022e0   Section        0  mode.o(i.run_honggan_mode)
    i.run_jinghua_mode                       0x08002344   Section        0  mode.o(i.run_jinghua_mode)
    i.run_shajun_mode                        0x0800239c   Section        0  mode.o(i.run_shajun_mode)
    i.run_xiangxun_mode                      0x080023f4   Section        0  mode.o(i.run_xiangxun_mode)
    i.run_zidong_mode                        0x0800244c   Section        0  mode.o(i.run_zidong_mode)
    i.set_wifi_uart_buffer                   0x08002464   Section        0  system.o(i.set_wifi_uart_buffer)
    i.set_wifi_uart_byte                     0x08002480   Section        0  system.o(i.set_wifi_uart_byte)
    i.set_work_mode                          0x08002490   Section        0  mode.o(i.set_work_mode)
    set_work_mode                            0x08002491   Thumb Code     6  mode.o(i.set_work_mode)
    i.set_work_type                          0x0800249c   Section        0  mode.o(i.set_work_type)
    i.shajun_off                             0x080024a8   Section        0  mode.o(i.shajun_off)
    shajun_off                               0x080024a9   Thumb Code     6  mode.o(i.shajun_off)
    i.shajun_on                              0x080024ae   Section        0  mode.o(i.shajun_on)
    shajun_on                                0x080024af   Thumb Code     6  mode.o(i.shajun_on)
    i.sytem_init                             0x080024b4   Section        0  main.o(i.sytem_init)
    i.take_byte_rxbuff                       0x080024dc   Section        0  system.o(i.take_byte_rxbuff)
    i.uart_init                              0x08002504   Section        0  usart.o(i.uart_init)
    i.uart_receive_input                     0x080025a8   Section        0  mcu_api.o(i.uart_receive_input)
    i.uart_transmit_output                   0x080025e4   Section        0  protocol.o(i.uart_transmit_output)
    i.wifi_protocol_init                     0x080025e8   Section        0  mcu_api.o(i.wifi_protocol_init)
    i.wifi_uart_service                      0x08002614   Section        0  mcu_api.o(i.wifi_uart_service)
    i.wifi_uart_write_data                   0x080026d0   Section        0  system.o(i.wifi_uart_write_data)
    wifi_uart_write_data                     0x080026d1   Thumb Code    32  system.o(i.wifi_uart_write_data)
    i.wifi_uart_write_frame                  0x080026f0   Section        0  system.o(i.wifi_uart_write_frame)
    i.with_data_rxbuff                       0x0800272c   Section        0  system.o(i.with_data_rxbuff)
    i.xiangxun_off                           0x08002744   Section        0  mode.o(i.xiangxun_off)
    xiangxun_off                             0x08002745   Thumb Code     6  mode.o(i.xiangxun_off)
    i.xiangxun_on                            0x0800274a   Section        0  mode.o(i.xiangxun_on)
    xiangxun_on                              0x0800274b   Thumb Code     6  mode.o(i.xiangxun_on)
    i.zidong_off                             0x08002750   Section        0  mode.o(i.zidong_off)
    zidong_off                               0x08002751   Thumb Code     4  mode.o(i.zidong_off)
    .constdata                               0x08002754   Section       12  mode.o(.constdata)
    .constdata                               0x08002760   Section       38  protocol.o(.constdata)
    .constdata                               0x08002786   Section        5  buzzer.o(.constdata)
    .constdata                               0x0800278b   Section        5  buzzer.o(.constdata)
    .constdata                               0x08002790   Section        5  buzzer.o(.constdata)
    .constdata                               0x08002795   Section        5  buzzer.o(.constdata)
    .constdata                               0x0800279a   Section        3  buzzer.o(.constdata)
    .constdata                               0x0800279d   Section        3  buzzer.o(.constdata)
    .constdata                               0x080027a0   Section       24  buzzer.o(.constdata)
    .data                                    0x20000000   Section        1  main.o(.data)
    .data                                    0x20000004   Section       44  main_timer.o(.data)
    count                                    0x2000002c   Data           4  main_timer.o(.data)
    .data                                    0x20000030   Section        1  key.o(.data)
    last_key                                 0x20000030   Data           1  key.o(.data)
    .data                                    0x20000034   Section        4  key_task.o(.data)
    reset_count                              0x20000034   Data           4  key_task.o(.data)
    .data                                    0x20000038   Section       16  mode.o(.data)
    g_mode                                   0x20000038   Data           1  mode.o(.data)
    g_type                                   0x20000039   Data           1  mode.o(.data)
    .data                                    0x20000048   Section       12  device.o(.data)
    g_light_on                               0x20000048   Data           1  device.o(.data)
    g_heat_on                                0x20000049   Data           1  device.o(.data)
    g_fan_on                                 0x2000004a   Data           1  device.o(.data)
    g_flz_on                                 0x2000004b   Data           1  device.o(.data)
    g_cy_on                                  0x2000004c   Data           1  device.o(.data)
    g_xx_on                                  0x2000004d   Data           1  device.o(.data)
    g_uv_on                                  0x2000004e   Data           1  device.o(.data)
    g_device_initialized                     0x20000050   Data           4  device.o(.data)
    .data                                    0x20000054   Section        2  mcu_api.o(.data)
    rx_in                                    0x20000054   Data           2  mcu_api.o(.data)
    .data                                    0x20000058   Section       12  system.o(.data)
    mcu_reset_state                          0x20000058   Data           1  system.o(.data)
    .data                                    0x20000064   Section        1  system.o(.data)
    .data                                    0x20000065   Section        5  buzzer.o(.data)
    .data                                    0x2000006c   Section        8  sensor_dht20.o(.data)
    Humidity                                 0x2000006c   Data           4  sensor_dht20.o(.data)
    Temperature                              0x20000070   Data           4  sensor_dht20.o(.data)
    .data                                    0x20000074   Section       14  sensor_jw01.o(.data)
    TVOC_H                                   0x20000074   Data           1  sensor_jw01.o(.data)
    TVOC_L                                   0x20000075   Data           1  sensor_jw01.o(.data)
    CH2O_H                                   0x20000076   Data           1  sensor_jw01.o(.data)
    CH2O_L                                   0x20000077   Data           1  sensor_jw01.o(.data)
    CO2_H                                    0x20000078   Data           1  sensor_jw01.o(.data)
    CO2_L                                    0x20000079   Data           1  sensor_jw01.o(.data)
    checkdata                                0x2000007a   Data           1  sensor_jw01.o(.data)
    TVOC_H_temp                              0x2000007b   Data           1  sensor_jw01.o(.data)
    TVOC_L_temp                              0x2000007c   Data           1  sensor_jw01.o(.data)
    CH2O_H_temp                              0x2000007d   Data           1  sensor_jw01.o(.data)
    CH2O_L_temp                              0x2000007e   Data           1  sensor_jw01.o(.data)
    CO2_H_temp                               0x2000007f   Data           1  sensor_jw01.o(.data)
    CO2_L_temp                               0x20000080   Data           1  sensor_jw01.o(.data)
    checkdata_temp                           0x20000081   Data           1  sensor_jw01.o(.data)
    .data                                    0x20000082   Section        2  usart.o(.data)
    .data                                    0x20000084   Section        4  delay.o(.data)
    fac_us                                   0x20000084   Data           1  delay.o(.data)
    fac_ms                                   0x20000086   Data           2  delay.o(.data)
    .data                                    0x20000088   Section       20  stm32f10x_rcc.o(.data)
    ADCPrescTable                            0x20000088   Data           4  stm32f10x_rcc.o(.data)
    APBAHBPrescTable                         0x2000008c   Data          16  stm32f10x_rcc.o(.data)
    .data                                    0x2000009c   Section       20  system_stm32f10x.o(.data)
    .bss                                     0x200000b0   Section      109  system.o(.bss)
    .bss                                     0x20000120   Section      280  tuya_wifi_usart.o(.bss)
    UartRxbuf                                0x20000120   Data          12  tuya_wifi_usart.o(.bss)
    UartTxbuf                                0x2000012c   Data          12  tuya_wifi_usart.o(.bss)
    rx_buffer                                0x20000138   Data         128  tuya_wifi_usart.o(.bss)
    tx_buffer                                0x200001b8   Data         128  tuya_wifi_usart.o(.bss)
    .bss                                     0x20000238   Section      280  sensor_jw01.o(.bss)
    rx_buffer                                0x20000238   Data         128  sensor_jw01.o(.bss)
    tx_buffer                                0x200002b8   Data         128  sensor_jw01.o(.bss)
    UartRxbuf                                0x20000338   Data          12  sensor_jw01.o(.bss)
    UartTxbuf                                0x20000344   Data          12  sensor_jw01.o(.bss)
    .bss                                     0x20000350   Section      200  usart.o(.bss)
    .bss                                     0x20000418   Section       96  libspace.o(.bss)
    HEAP                                     0x20000478   Section      512  startup_stm32f10x_md.o(HEAP)
    Heap_Mem                                 0x20000478   Data         512  startup_stm32f10x_md.o(HEAP)
    STACK                                    0x20000678   Section     1024  startup_stm32f10x_md.o(STACK)
    Stack_Mem                                0x20000678   Data        1024  startup_stm32f10x_md.o(STACK)
    __initial_sp                             0x20000a78   Data           0  startup_stm32f10x_md.o(STACK)

    Global Symbols

    Symbol Name                              Value     Ov Type        Size  Object(Section)

    BuildAttributes$$THM_ISAv4$P$D$K$B$S$PE$A:L22UL41UL21$X:L11$S22US41US21$IEEE1$IW$USESV6$~STKCKD$USESV7$~SHL$OSPACE$ROPI$EBA8$UX$STANDARDLIB$REQ8$PRES8$EABIv2 0x00000000   Number         0  anon$$obj.o ABSOLUTE
    __ARM_use_no_argv                        0x00000000   Number         0  main.o ABSOLUTE
    _printf_flags                            0x00000000   Number         0  printf_stubs.o ABSOLUTE
    _printf_return_value                     0x00000000   Number         0  printf_stubs.o ABSOLUTE
    _printf_sizespec                         0x00000000   Number         0  printf_stubs.o ABSOLUTE
    _printf_widthprec                        0x00000000   Number         0  printf_stubs.o ABSOLUTE
    __ARM_exceptions_init                     - Undefined Weak Reference
    __alloca_initialize                       - Undefined Weak Reference
    __arm_fini_                               - Undefined Weak Reference
    __arm_preinit_                            - Undefined Weak Reference
    __cpp_initialize__aeabi_                  - Undefined Weak Reference
    __cxa_finalize                            - Undefined Weak Reference
    __rt_locale                               - Undefined Weak Reference
    __sigvec_lookup                           - Undefined Weak Reference
    _atexit_init                              - Undefined Weak Reference
    _call_atexit_fns                          - Undefined Weak Reference
    _clock_init                               - Undefined Weak Reference
    _fp_trap_init                             - Undefined Weak Reference
    _fp_trap_shutdown                         - Undefined Weak Reference
    _get_lc_collate                           - Undefined Weak Reference
    _get_lc_ctype                             - Undefined Weak Reference
    _get_lc_monetary                          - Undefined Weak Reference
    _get_lc_numeric                           - Undefined Weak Reference
    _get_lc_time                              - Undefined Weak Reference
    _getenv_init                              - Undefined Weak Reference
    _handle_redirection                       - Undefined Weak Reference
    _init_alloc                               - Undefined Weak Reference
    _init_user_alloc                          - Undefined Weak Reference
    _initio                                   - Undefined Weak Reference
    _printf_mbtowc                            - Undefined Weak Reference
    _printf_post_padding                      - Undefined Weak Reference
    _printf_pre_padding                       - Undefined Weak Reference
    _printf_truncate_signed                   - Undefined Weak Reference
    _printf_truncate_unsigned                 - Undefined Weak Reference
    _rand_init                                - Undefined Weak Reference
    _signal_finish                            - Undefined Weak Reference
    _signal_init                              - Undefined Weak Reference
    _terminate_alloc                          - Undefined Weak Reference
    _terminate_user_alloc                     - Undefined Weak Reference
    _terminateio                              - Undefined Weak Reference
    __Vectors_Size                           0x000000ec   Number         0  startup_stm32f10x_md.o ABSOLUTE
    __Vectors                                0x08000000   Data           4  startup_stm32f10x_md.o(RESET)
    __Vectors_End                            0x080000ec   Data           0  startup_stm32f10x_md.o(RESET)
    __main                                   0x080000ed   Thumb Code     8  __main.o(!!!main)
    __scatterload                            0x080000f5   Thumb Code     0  __scatter.o(!!!scatter)
    __scatterload_rt2                        0x080000f5   Thumb Code    44  __scatter.o(!!!scatter)
    __scatterload_rt2_thumb_only             0x080000f5   Thumb Code     0  __scatter.o(!!!scatter)
    __scatterload_null                       0x08000103   Thumb Code     0  __scatter.o(!!!scatter)
    __scatterload_copy                       0x08000129   Thumb Code    26  __scatter_copy.o(!!handler_copy)
    __scatterload_zeroinit                   0x08000145   Thumb Code    28  __scatter_zi.o(!!handler_zi)
    __rt_lib_init                            0x08000161   Thumb Code     0  libinit.o(.ARM.Collect$$libinit$$00000000)
    __rt_lib_init_alloca_1                   0x08000163   Thumb Code     0  libinit2.o(.ARM.Collect$$libinit$$0000002E)
    __rt_lib_init_argv_1                     0x08000163   Thumb Code     0  libinit2.o(.ARM.Collect$$libinit$$0000002C)
    __rt_lib_init_atexit_1                   0x08000163   Thumb Code     0  libinit2.o(.ARM.Collect$$libinit$$0000001B)
    __rt_lib_init_clock_1                    0x08000163   Thumb Code     0  libinit2.o(.ARM.Collect$$libinit$$00000021)
    __rt_lib_init_cpp_1                      0x08000163   Thumb Code     0  libinit2.o(.ARM.Collect$$libinit$$00000032)
    __rt_lib_init_exceptions_1               0x08000163   Thumb Code     0  libinit2.o(.ARM.Collect$$libinit$$00000030)
    __rt_lib_init_fp_1                       0x08000163   Thumb Code     0  libinit2.o(.ARM.Collect$$libinit$$00000002)
    __rt_lib_init_fp_trap_1                  0x08000163   Thumb Code     0  libinit2.o(.ARM.Collect$$libinit$$0000001F)
    __rt_lib_init_getenv_1                   0x08000163   Thumb Code     0  libinit2.o(.ARM.Collect$$libinit$$00000023)
    __rt_lib_init_heap_1                     0x08000163   Thumb Code     0  libinit2.o(.ARM.Collect$$libinit$$0000000A)
    __rt_lib_init_lc_collate_1               0x08000163   Thumb Code     0  libinit2.o(.ARM.Collect$$libinit$$00000011)
    __rt_lib_init_lc_ctype_1                 0x08000163   Thumb Code     0  libinit2.o(.ARM.Collect$$libinit$$00000013)
    __rt_lib_init_lc_monetary_1              0x08000163   Thumb Code     0  libinit2.o(.ARM.Collect$$libinit$$00000015)
    __rt_lib_init_lc_numeric_1               0x08000163   Thumb Code     0  libinit2.o(.ARM.Collect$$libinit$$00000017)
    __rt_lib_init_lc_time_1                  0x08000163   Thumb Code     0  libinit2.o(.ARM.Collect$$libinit$$00000019)
    __rt_lib_init_preinit_1                  0x08000163   Thumb Code     0  libinit2.o(.ARM.Collect$$libinit$$00000004)
    __rt_lib_init_rand_1                     0x08000163   Thumb Code     0  libinit2.o(.ARM.Collect$$libinit$$0000000E)
    __rt_lib_init_return                     0x08000163   Thumb Code     0  libinit2.o(.ARM.Collect$$libinit$$00000033)
    __rt_lib_init_signal_1                   0x08000163   Thumb Code     0  libinit2.o(.ARM.Collect$$libinit$$0000001D)
    __rt_lib_init_stdio_1                    0x08000163   Thumb Code     0  libinit2.o(.ARM.Collect$$libinit$$00000025)
    __rt_lib_init_user_alloc_1               0x08000163   Thumb Code     0  libinit2.o(.ARM.Collect$$libinit$$0000000C)
    __rt_lib_shutdown                        0x08000165   Thumb Code     0  libshutdown.o(.ARM.Collect$$libshutdown$$00000000)
    __rt_lib_shutdown_cpp_1                  0x08000167   Thumb Code     0  libshutdown2.o(.ARM.Collect$$libshutdown$$00000004)
    __rt_lib_shutdown_fini_1                 0x08000167   Thumb Code     0  libshutdown2.o(.ARM.Collect$$libshutdown$$00000002)
    __rt_lib_shutdown_fp_trap_1              0x08000167   Thumb Code     0  libshutdown2.o(.ARM.Collect$$libshutdown$$00000009)
    __rt_lib_shutdown_heap_1                 0x08000167   Thumb Code     0  libshutdown2.o(.ARM.Collect$$libshutdown$$00000011)
    __rt_lib_shutdown_return                 0x08000167   Thumb Code     0  libshutdown2.o(.ARM.Collect$$libshutdown$$00000012)
    __rt_lib_shutdown_signal_1               0x08000167   Thumb Code     0  libshutdown2.o(.ARM.Collect$$libshutdown$$0000000C)
    __rt_lib_shutdown_stdio_1                0x08000167   Thumb Code     0  libshutdown2.o(.ARM.Collect$$libshutdown$$00000006)
    __rt_lib_shutdown_user_alloc_1           0x08000167   Thumb Code     0  libshutdown2.o(.ARM.Collect$$libshutdown$$0000000E)
    __rt_entry                               0x08000169   Thumb Code     0  __rtentry.o(.ARM.Collect$$rtentry$$00000000)
    __rt_entry_presh_1                       0x08000169   Thumb Code     0  __rtentry2.o(.ARM.Collect$$rtentry$$00000002)
    __rt_entry_sh                            0x08000169   Thumb Code     0  __rtentry4.o(.ARM.Collect$$rtentry$$00000004)
    __rt_entry_li                            0x0800016f   Thumb Code     0  __rtentry2.o(.ARM.Collect$$rtentry$$0000000A)
    __rt_entry_postsh_1                      0x0800016f   Thumb Code     0  __rtentry2.o(.ARM.Collect$$rtentry$$00000009)
    __rt_entry_main                          0x08000173   Thumb Code     0  __rtentry2.o(.ARM.Collect$$rtentry$$0000000D)
    __rt_entry_postli_1                      0x08000173   Thumb Code     0  __rtentry2.o(.ARM.Collect$$rtentry$$0000000C)
    __rt_exit                                0x0800017b   Thumb Code     0  rtexit.o(.ARM.Collect$$rtexit$$00000000)
    __rt_exit_ls                             0x0800017d   Thumb Code     0  rtexit2.o(.ARM.Collect$$rtexit$$00000003)
    __rt_exit_prels_1                        0x0800017d   Thumb Code     0  rtexit2.o(.ARM.Collect$$rtexit$$00000002)
    __rt_exit_exit                           0x08000181   Thumb Code     0  rtexit2.o(.ARM.Collect$$rtexit$$00000004)
    Reset_Handler                            0x08000189   Thumb Code     8  startup_stm32f10x_md.o(.text)
    NMI_Handler                              0x08000191   Thumb Code     2  startup_stm32f10x_md.o(.text)
    HardFault_Handler                        0x08000193   Thumb Code     2  startup_stm32f10x_md.o(.text)
    MemManage_Handler                        0x08000195   Thumb Code     2  startup_stm32f10x_md.o(.text)
    BusFault_Handler                         0x08000197   Thumb Code     2  startup_stm32f10x_md.o(.text)
    UsageFault_Handler                       0x08000199   Thumb Code     2  startup_stm32f10x_md.o(.text)
    SVC_Handler                              0x0800019b   Thumb Code     2  startup_stm32f10x_md.o(.text)
    DebugMon_Handler                         0x0800019d   Thumb Code     2  startup_stm32f10x_md.o(.text)
    PendSV_Handler                           0x0800019f   Thumb Code     2  startup_stm32f10x_md.o(.text)
    SysTick_Handler                          0x080001a1   Thumb Code     2  startup_stm32f10x_md.o(.text)
    ADC1_2_IRQHandler                        0x080001a3   Thumb Code     0  startup_stm32f10x_md.o(.text)
    CAN1_RX1_IRQHandler                      0x080001a3   Thumb Code     0  startup_stm32f10x_md.o(.text)
    CAN1_SCE_IRQHandler                      0x080001a3   Thumb Code     0  startup_stm32f10x_md.o(.text)
    DMA1_Channel1_IRQHandler                 0x080001a3   Thumb Code     0  startup_stm32f10x_md.o(.text)
    DMA1_Channel2_IRQHandler                 0x080001a3   Thumb Code     0  startup_stm32f10x_md.o(.text)
    DMA1_Channel3_IRQHandler                 0x080001a3   Thumb Code     0  startup_stm32f10x_md.o(.text)
    DMA1_Channel4_IRQHandler                 0x080001a3   Thumb Code     0  startup_stm32f10x_md.o(.text)
    DMA1_Channel5_IRQHandler                 0x080001a3   Thumb Code     0  startup_stm32f10x_md.o(.text)
    DMA1_Channel6_IRQHandler                 0x080001a3   Thumb Code     0  startup_stm32f10x_md.o(.text)
    DMA1_Channel7_IRQHandler                 0x080001a3   Thumb Code     0  startup_stm32f10x_md.o(.text)
    EXTI0_IRQHandler                         0x080001a3   Thumb Code     0  startup_stm32f10x_md.o(.text)
    EXTI15_10_IRQHandler                     0x080001a3   Thumb Code     0  startup_stm32f10x_md.o(.text)
    EXTI1_IRQHandler                         0x080001a3   Thumb Code     0  startup_stm32f10x_md.o(.text)
    EXTI2_IRQHandler                         0x080001a3   Thumb Code     0  startup_stm32f10x_md.o(.text)
    EXTI3_IRQHandler                         0x080001a3   Thumb Code     0  startup_stm32f10x_md.o(.text)
    EXTI4_IRQHandler                         0x080001a3   Thumb Code     0  startup_stm32f10x_md.o(.text)
    EXTI9_5_IRQHandler                       0x080001a3   Thumb Code     0  startup_stm32f10x_md.o(.text)
    FLASH_IRQHandler                         0x080001a3   Thumb Code     0  startup_stm32f10x_md.o(.text)
    I2C1_ER_IRQHandler                       0x080001a3   Thumb Code     0  startup_stm32f10x_md.o(.text)
    I2C1_EV_IRQHandler                       0x080001a3   Thumb Code     0  startup_stm32f10x_md.o(.text)
    I2C2_ER_IRQHandler                       0x080001a3   Thumb Code     0  startup_stm32f10x_md.o(.text)
    I2C2_EV_IRQHandler                       0x080001a3   Thumb Code     0  startup_stm32f10x_md.o(.text)
    PVD_IRQHandler                           0x080001a3   Thumb Code     0  startup_stm32f10x_md.o(.text)
    RCC_IRQHandler                           0x080001a3   Thumb Code     0  startup_stm32f10x_md.o(.text)
    RTCAlarm_IRQHandler                      0x080001a3   Thumb Code     0  startup_stm32f10x_md.o(.text)
    RTC_IRQHandler                           0x080001a3   Thumb Code     0  startup_stm32f10x_md.o(.text)
    SPI1_IRQHandler                          0x080001a3   Thumb Code     0  startup_stm32f10x_md.o(.text)
    SPI2_IRQHandler                          0x080001a3   Thumb Code     0  startup_stm32f10x_md.o(.text)
    TAMPER_IRQHandler                        0x080001a3   Thumb Code     0  startup_stm32f10x_md.o(.text)
    TIM1_BRK_IRQHandler                      0x080001a3   Thumb Code     0  startup_stm32f10x_md.o(.text)
    TIM1_CC_IRQHandler                       0x080001a3   Thumb Code     0  startup_stm32f10x_md.o(.text)
    TIM1_TRG_COM_IRQHandler                  0x080001a3   Thumb Code     0  startup_stm32f10x_md.o(.text)
    TIM1_UP_IRQHandler                       0x080001a3   Thumb Code     0  startup_stm32f10x_md.o(.text)
    TIM3_IRQHandler                          0x080001a3   Thumb Code     0  startup_stm32f10x_md.o(.text)
    USBWakeUp_IRQHandler                     0x080001a3   Thumb Code     0  startup_stm32f10x_md.o(.text)
    USB_HP_CAN1_TX_IRQHandler                0x080001a3   Thumb Code     0  startup_stm32f10x_md.o(.text)
    USB_LP_CAN1_RX0_IRQHandler               0x080001a3   Thumb Code     0  startup_stm32f10x_md.o(.text)
    WWDG_IRQHandler                          0x080001a3   Thumb Code     0  startup_stm32f10x_md.o(.text)
    __user_initial_stackheap                 0x080001a5   Thumb Code     0  startup_stm32f10x_md.o(.text)
    __use_no_semihosting                     0x080001c9   Thumb Code     2  use_no_semi_2.o(.text)
    __use_two_region_memory                  0x080001cb   Thumb Code     2  heapauxi.o(.text)
    __rt_heap_escrow$2region                 0x080001cd   Thumb Code     2  heapauxi.o(.text)
    __rt_heap_expand$2region                 0x080001cf   Thumb Code     2  heapauxi.o(.text)
    __I$use$semihosting                      0x080001d1   Thumb Code     0  use_no_semi.o(.text)
    __use_no_semihosting_swi                 0x080001d1   Thumb Code     2  use_no_semi.o(.text)
    __user_setup_stackheap                   0x080001d3   Thumb Code    74  sys_stackheap_outer.o(.text)
    exit                                     0x0800021d   Thumb Code    18  exit.o(.text)
    __user_libspace                          0x08000231   Thumb Code     8  libspace.o(.text)
    __user_perproc_libspace                  0x08000231   Thumb Code     0  libspace.o(.text)
    __user_perthread_libspace                0x08000231   Thumb Code     0  libspace.o(.text)
    AHT20_Read_CTdata_crc                    0x0800029d   Thumb Code   260  sensor_dht20.o(i.AHT20_Read_CTdata_crc)
    AHT20_Read_Status                        0x080003a1   Thumb Code    34  sensor_dht20.o(i.AHT20_Read_Status)
    AHT20_SendAC                             0x080003c3   Thumb Code    54  sensor_dht20.o(i.AHT20_SendAC)
    AHT20_Start_Init                         0x080003f9   Thumb Code    24  sensor_dht20.o(i.AHT20_Start_Init)
    ALL_turn_off                             0x08000481   Thumb Code    48  device.o(i.ALL_turn_off)
    AlarmTIMEreset                           0x080004b1   Thumb Code    16  main_timer.o(i.AlarmTIMEreset)
    AlarmTIMEset                             0x080004c5   Thumb Code    20  main_timer.o(i.AlarmTIMEset)
    Buzzer_Output                            0x080004e1   Thumb Code    94  buzzer.o(i.Buzzer_Output)
    Buzzer_Start                             0x0800054d   Thumb Code    18  buzzer.o(i.Buzzer_Start)
    CY_turn                                  0x08000565   Thumb Code    40  device.o(i.CY_turn)
    Calc_CRC8                                0x08000595   Thumb Code    52  sensor_dht20.o(i.Calc_CRC8)
    DHT20_I2C_Config                         0x080005c9   Thumb Code    44  dht20_i2c.o(i.DHT20_I2C_Config)
    DHT20_get_humidity                       0x080005f9   Thumb Code     6  sensor_dht20.o(i.DHT20_get_humidity)
    DHT20_get_temperature                    0x08000605   Thumb Code     6  sensor_dht20.o(i.DHT20_get_temperature)
    DHT20_update                             0x08000611   Thumb Code    48  sensor_dht20.o(i.DHT20_update)
    Device_GPIO_Config                       0x08000645   Thumb Code   116  device_gpio.o(i.Device_GPIO_Config)
    Device_Init                              0x080006c1   Thumb Code   102  device.o(i.Device_Init)
    FAN_turn                                 0x08000735   Thumb Code    40  device.o(i.FAN_turn)
    FLZ_turn                                 0x08000765   Thumb Code    40  device.o(i.FLZ_turn)
    GPIO_AF_PP                               0x08000795   Thumb Code    26  config_103.o(i.GPIO_AF_PP)
    GPIO_In_FLOATING                         0x080007af   Thumb Code    26  config_103.o(i.GPIO_In_FLOATING)
    GPIO_In_PU                               0x080007c9   Thumb Code    26  config_103.o(i.GPIO_In_PU)
    GPIO_Init                                0x080007e3   Thumb Code   166  stm32f10x_gpio.o(i.GPIO_Init)
    GPIO_Out_PP                              0x08000889   Thumb Code    26  config_103.o(i.GPIO_Out_PP)
    GPIO_ReadInputDataBit                    0x080008a3   Thumb Code    14  stm32f10x_gpio.o(i.GPIO_ReadInputDataBit)
    GPIO_ResetBits                           0x080008b1   Thumb Code     4  stm32f10x_gpio.o(i.GPIO_ResetBits)
    GPIO_SetBits                             0x080008b5   Thumb Code     4  stm32f10x_gpio.o(i.GPIO_SetBits)
    GPIO_WriteBit                            0x080008b9   Thumb Code    12  stm32f10x_gpio.o(i.GPIO_WriteBit)
    HEAT_turn                                0x080008c5   Thumb Code    74  device.o(i.HEAT_turn)
    JH_Reset_REG                             0x0800099d   Thumb Code   164  sensor_dht20.o(i.JH_Reset_REG)
    JW01_HW_Poweron                          0x08000a41   Thumb Code    32  jw01_usart.o(i.JW01_HW_Poweron)
    JW01_USART_Config                        0x08000a65   Thumb Code    76  jw01_usart.o(i.JW01_USART_Config)
    JW01_USART_Enable_Rx                     0x08000ab9   Thumb Code    12  jw01_usart.o(i.JW01_USART_Enable_Rx)
    JW01_get_CH2O                            0x08000ac9   Thumb Code    14  sensor_jw01.o(i.JW01_get_CH2O)
    JW01_get_CO2                             0x08000add   Thumb Code    14  sensor_jw01.o(i.JW01_get_CO2)
    JW01_get_TVOC                            0x08000af1   Thumb Code    14  sensor_jw01.o(i.JW01_get_TVOC)
    JW01_update                              0x08000b55   Thumb Code   114  sensor_jw01.o(i.JW01_update)
    Key_GPIO_Config                          0x08000bcd   Thumb Code    18  key_gpio.o(i.Key_GPIO_Config)
    Key_GPIO_Get_Key                         0x08000be5   Thumb Code    20  key_gpio.o(i.Key_GPIO_Get_Key)
    Key_Init                                 0x08000bfd   Thumb Code     4  key.o(i.Key_Init)
    Key_Scan                                 0x08000c01   Thumb Code    32  key.o(i.Key_Scan)
    Key_Task                                 0x08000c25   Thumb Code   138  key_task.o(i.Key_Task)
    LIGHT_turn                               0x08000cb9   Thumb Code    18  device.o(i.LIGHT_turn)
    Mode_Task                                0x08000cd1   Thumb Code    70  mode_task.o(i.Mode_Task)
    NVIC_Enable                              0x08000d17   Thumb Code    42  config_103.o(i.NVIC_Enable)
    NVIC_Init                                0x08000d41   Thumb Code    96  stm32f10x_misc.o(i.NVIC_Init)
    NVIC_PriorityGroupConfig                 0x08000da5   Thumb Code    10  stm32f10x_misc.o(i.NVIC_PriorityGroupConfig)
    RCC_APB1PeriphClockCmd                   0x08000db9   Thumb Code    22  stm32f10x_rcc.o(i.RCC_APB1PeriphClockCmd)
    RCC_APB2PeriphClockCmd                   0x08000dd5   Thumb Code    22  stm32f10x_rcc.o(i.RCC_APB2PeriphClockCmd)
    RCC_GPIOA_Enable                         0x08000df1   Thumb Code     8  config_103.o(i.RCC_GPIOA_Enable)
    RCC_GPIOB_Enable                         0x08000df9   Thumb Code     8  config_103.o(i.RCC_GPIOB_Enable)
    RCC_GPIOC_Enable                         0x08000e01   Thumb Code     8  config_103.o(i.RCC_GPIOC_Enable)
    RCC_GetClocksFreq                        0x08000e09   Thumb Code   154  stm32f10x_rcc.o(i.RCC_GetClocksFreq)
    SDA_Input                                0x08000f0d   Thumb Code     8  dht20_i2c.o(i.SDA_Input)
    SDA_Output                               0x08000f19   Thumb Code     8  dht20_i2c.o(i.SDA_Output)
    Sensor_DHT20_Init                        0x08000fd1   Thumb Code   142  sensor_dht20.o(i.Sensor_DHT20_Init)
    Sensor_JW01_Init                         0x08001061   Thumb Code    40  sensor_jw01.o(i.Sensor_JW01_Init)
    SysTick_CLKSourceConfig                  0x08001141   Thumb Code    28  stm32f10x_misc.o(i.SysTick_CLKSourceConfig)
    SystemInit                               0x0800115d   Thumb Code    64  system_stm32f10x.o(i.SystemInit)
    TIM2_IRQHandler                          0x080011ad   Thumb Code    74  main_timer.o(i.TIM2_IRQHandler)
    TIM4_IRQHandler                          0x08001201   Thumb Code   636  main_timer.o(i.TIM4_IRQHandler)
    TIM_ClearITPendingBit                    0x08001489   Thumb Code     6  stm32f10x_tim.o(i.TIM_ClearITPendingBit)
    TIM_Cmd                                  0x0800148f   Thumb Code    24  stm32f10x_tim.o(i.TIM_Cmd)
    TIM_GetITStatus                          0x080014a7   Thumb Code    24  stm32f10x_tim.o(i.TIM_GetITStatus)
    TIM_ITConfig                             0x080014bf   Thumb Code    20  stm32f10x_tim.o(i.TIM_ITConfig)
    TIM_TimeBaseInit                         0x080014d5   Thumb Code   114  stm32f10x_tim.o(i.TIM_TimeBaseInit)
    Timer_BUZ_Config                         0x08001571   Thumb Code    66  timer_main.o(i.Timer_BUZ_Config)
    Timer_Main_Config                        0x080015b5   Thumb Code    74  timer_main.o(i.Timer_Main_Config)
    USART1_IRQHandler                        0x08001605   Thumb Code   108  tuya_wifi_usart.o(i.USART1_IRQHandler)
    USART2_IRQHandler                        0x08001679   Thumb Code   116  sensor_jw01.o(i.USART2_IRQHandler)
    USART3_IRQHandler                        0x080016f5   Thumb Code    90  usart.o(i.USART3_IRQHandler)
    USART_ClearFlag                          0x08001761   Thumb Code     8  stm32f10x_usart.o(i.USART_ClearFlag)
    USART_ClearITPendingBit                  0x08001769   Thumb Code    16  stm32f10x_usart.o(i.USART_ClearITPendingBit)
    USART_Cmd                                0x08001779   Thumb Code    24  stm32f10x_usart.o(i.USART_Cmd)
    USART_Enable                             0x08001791   Thumb Code    24  config_103.o(i.USART_Enable)
    USART_GetITStatus                        0x080017a9   Thumb Code    64  stm32f10x_usart.o(i.USART_GetITStatus)
    USART_ITConfig                           0x080017e9   Thumb Code    54  stm32f10x_usart.o(i.USART_ITConfig)
    USART_Init                               0x08001821   Thumb Code   182  stm32f10x_usart.o(i.USART_Init)
    USART_ReceiveData                        0x080018dd   Thumb Code     8  stm32f10x_usart.o(i.USART_ReceiveData)
    USART_SendData                           0x080018e5   Thumb Code     8  stm32f10x_usart.o(i.USART_SendData)
    USART_Setup                              0x080018ed   Thumb Code    36  config_103.o(i.USART_Setup)
    UV_turn                                  0x08001911   Thumb Code    40  device.o(i.UV_turn)
    WIFI_HW_Poweron                          0x080019a5   Thumb Code    36  wifi_usart.o(i.WIFI_HW_Poweron)
    WIFI_Init                                0x080019cd   Thumb Code    40  tuya_wifi_usart.o(i.WIFI_Init)
    WIFI_USART_Config                        0x080019f9   Thumb Code    78  wifi_usart.o(i.WIFI_USART_Config)
    WIFI_USART_Enable_Rx                     0x08001a55   Thumb Code    12  wifi_usart.o(i.WIFI_USART_Enable_Rx)
    WIFI_USART_Put_Char                      0x08001a65   Thumb Code    26  tuya_wifi_usart.o(i.WIFI_USART_Put_Char)
    XX_turn                                  0x08001a89   Thumb Code    40  device.o(i.XX_turn)
    _sys_exit                                0x08001ab9   Thumb Code     2  usart.o(i._sys_exit)
    all_data_update                          0x08001abb   Thumb Code    78  protocol.o(i.all_data_update)
    byte_to_int                              0x08001b09   Thumb Code    22  mcu_api.o(i.byte_to_int)
    data_handle                              0x08001b25   Thumb Code   142  system.o(i.data_handle)
    delay_init                               0x08001bfd   Thumb Code    46  delay.o(i.delay_init)
    delay_ms                                 0x08001c39   Thumb Code    46  delay.o(i.delay_ms)
    delay_us                                 0x08001c6d   Thumb Code    46  delay.o(i.delay_us)
    dp_download_handle                       0x08001d09   Thumb Code    70  protocol.o(i.dp_download_handle)
    enter_chunjing_mode                      0x08001e0d   Thumb Code    28  mode.o(i.enter_chunjing_mode)
    enter_honggan_mode                       0x08001e2d   Thumb Code    48  mode.o(i.enter_honggan_mode)
    enter_jinhua_mode                        0x08001e61   Thumb Code    48  mode.o(i.enter_jinhua_mode)
    enter_shajun_mode                        0x08001e95   Thumb Code    48  mode.o(i.enter_shajun_mode)
    enter_xiangxun_mode                      0x08001ec9   Thumb Code    48  mode.o(i.enter_xiangxun_mode)
    enter_zidong_mode                        0x08001efd   Thumb Code    46  mode.o(i.enter_zidong_mode)
    get_CH2O                                 0x08001f31   Thumb Code     4  sensor.o(i.get_CH2O)
    get_CO2                                  0x08001f35   Thumb Code     4  sensor.o(i.get_CO2)
    get_TVOC                                 0x08001f39   Thumb Code     4  sensor.o(i.get_TVOC)
    get_check_sum                            0x08001f3d   Thumb Code    28  system.o(i.get_check_sum)
    get_current_humidity                     0x08001f59   Thumb Code    10  sensor.o(i.get_current_humidity)
    get_current_temperature                  0x08001f63   Thumb Code    10  sensor.o(i.get_current_temperature)
    get_download_cmd_total                   0x08001f95   Thumb Code     4  protocol.o(i.get_download_cmd_total)
    get_work_mode                            0x08001fa5   Thumb Code     6  mode.o(i.get_work_mode)
    get_work_type                            0x08001fb1   Thumb Code     6  mode.o(i.get_work_type)
    main                                     0x08002045   Thumb Code    58  main.o(i.main)
    mcu_dp_bool_update                       0x08002085   Thumb Code    76  mcu_api.o(i.mcu_dp_bool_update)
    mcu_dp_enum_update                       0x080020d5   Thumb Code    64  mcu_api.o(i.mcu_dp_enum_update)
    mcu_dp_value_update                      0x08002119   Thumb Code    86  mcu_api.o(i.mcu_dp_value_update)
    mcu_get_dp_download_bool                 0x08002175   Thumb Code     4  mcu_api.o(i.mcu_get_dp_download_bool)
    mcu_get_dp_download_enum                 0x08002179   Thumb Code     4  mcu_api.o(i.mcu_get_dp_download_enum)
    mcu_get_dp_download_value                0x0800217d   Thumb Code     4  mcu_api.o(i.mcu_get_dp_download_value)
    mcu_set_wifi_mode                        0x08002181   Thumb Code    28  mcu_api.o(i.mcu_set_wifi_mode)
    my_memcpy                                0x080021a1   Thumb Code    70  mcu_api.o(i.my_memcpy)
    my_strlen                                0x080021e7   Thumb Code    22  mcu_api.o(i.my_strlen)
    run_chunjing_mode                        0x080022c9   Thumb Code    18  mode.o(i.run_chunjing_mode)
    run_honggan_mode                         0x080022e1   Thumb Code    84  mode.o(i.run_honggan_mode)
    run_jinghua_mode                         0x08002345   Thumb Code    78  mode.o(i.run_jinghua_mode)
    run_shajun_mode                          0x0800239d   Thumb Code    78  mode.o(i.run_shajun_mode)
    run_xiangxun_mode                        0x080023f5   Thumb Code    78  mode.o(i.run_xiangxun_mode)
    run_zidong_mode                          0x0800244d   Thumb Code    18  mode.o(i.run_zidong_mode)
    set_wifi_uart_buffer                     0x08002465   Thumb Code    24  system.o(i.set_wifi_uart_buffer)
    set_wifi_uart_byte                       0x08002481   Thumb Code    12  system.o(i.set_wifi_uart_byte)
    set_work_type                            0x0800249d   Thumb Code     6  mode.o(i.set_work_type)
    sytem_init                               0x080024b5   Thumb Code    38  main.o(i.sytem_init)
    take_byte_rxbuff                         0x080024dd   Thumb Code    30  system.o(i.take_byte_rxbuff)
    uart_init                                0x08002505   Thumb Code   150  usart.o(i.uart_init)
    uart_receive_input                       0x080025a9   Thumb Code    48  mcu_api.o(i.uart_receive_input)
    uart_transmit_output                     0x080025e5   Thumb Code     4  protocol.o(i.uart_transmit_output)
    wifi_protocol_init                       0x080025e9   Thumb Code    24  mcu_api.o(i.wifi_protocol_init)
    wifi_uart_service                        0x08002615   Thumb Code   180  mcu_api.o(i.wifi_uart_service)
    wifi_uart_write_frame                    0x080026f1   Thumb Code    54  system.o(i.wifi_uart_write_frame)
    with_data_rxbuff                         0x0800272d   Thumb Code    18  system.o(i.with_data_rxbuff)
    jinghua_minutes                          0x08002754   Data           3  mode.o(.constdata)
    xiangxun_minutes                         0x08002757   Data           3  mode.o(.constdata)
    shajun_minutes                           0x0800275a   Data           3  mode.o(.constdata)
    honggan_minutes                          0x0800275d   Data           3  mode.o(.constdata)
    download_cmd                             0x08002760   Data          38  protocol.o(.constdata)
    Sound_Di                                 0x08002786   Data           5  buzzer.o(.constdata)
    Sound_Di_Di                              0x0800278b   Data           5  buzzer.o(.constdata)
    Sound_Di_Di_Di                           0x08002790   Data           5  buzzer.o(.constdata)
    Sound_Di_Di_Di_Di_Di                     0x08002795   Data           5  buzzer.o(.constdata)
    Sound_Di_2s                              0x0800279a   Data           3  buzzer.o(.constdata)
    Sound_Di_5s                              0x0800279d   Data           3  buzzer.o(.constdata)
    SoundMenu                                0x080027a0   Data          24  buzzer.o(.constdata)
    Region$$Table$$Base                      0x080027b8   Number         0  anon$$obj.o(Region$$Table)
    Region$$Table$$Limit                     0x080027d8   Number         0  anon$$obj.o(Region$$Table)
    g_init_status                            0x20000000   Data           1  main.o(.data)
    one_second_peroid                        0x20000004   Data           2  main_timer.o(.data)
    key_task_peroid                          0x20000006   Data           2  main_timer.o(.data)
    mode_task_peroid                         0x20000008   Data           2  main_timer.o(.data)
    display_task_peroid                      0x2000000a   Data           2  main_timer.o(.data)
    status_check_peroid                      0x2000000c   Data           2  main_timer.o(.data)
    heat_time_peroid                         0x2000000e   Data           2  main_timer.o(.data)
    pir_time_peroid                          0x20000010   Data           2  main_timer.o(.data)
    countdown                                0x20000012   Data           2  main_timer.o(.data)
    AlarmON                                  0x20000014   Data           2  main_timer.o(.data)
    heat_flag                                0x20000018   Data           4  main_timer.o(.data)
    heat_time                                0x2000001c   Data           4  main_timer.o(.data)
    buz_time                                 0x20000020   Data           4  main_timer.o(.data)
    AlarmOFF                                 0x20000024   Data           4  main_timer.o(.data)
    alarm_circle                             0x20000028   Data           4  main_timer.o(.data)
    jinghua_on_time                          0x2000003a   Data           1  mode.o(.data)
    jinghua_off_time                         0x2000003b   Data           1  mode.o(.data)
    jinghua_index                            0x2000003c   Data           1  mode.o(.data)
    xiangxun_on_time                         0x2000003d   Data           1  mode.o(.data)
    xiangxun_off_time                        0x2000003e   Data           1  mode.o(.data)
    xiangxun_index                           0x2000003f   Data           1  mode.o(.data)
    shajun_on_time                           0x20000040   Data           1  mode.o(.data)
    shajun_off_time                          0x20000041   Data           1  mode.o(.data)
    shajun_index                             0x20000042   Data           1  mode.o(.data)
    honggan_on_time                          0x20000043   Data           1  mode.o(.data)
    honggan_off_time                         0x20000044   Data           1  mode.o(.data)
    honggan_index                            0x20000045   Data           1  mode.o(.data)
    zidong_off_time                          0x20000046   Data           1  mode.o(.data)
    chunjing_off_time                        0x20000047   Data           1  mode.o(.data)
    reset_wifi_flag                          0x20000059   Data           1  system.o(.data)
    set_wifimode_flag                        0x2000005a   Data           1  system.o(.data)
    wifi_work_state                          0x2000005b   Data           1  system.o(.data)
    rx_buf_in                                0x2000005c   Data           4  system.o(.data)
    rx_buf_out                               0x20000060   Data           4  system.o(.data)
    stop_update_flag                         0x20000064   Data           1  system.o(.data)
    B_Sound_Enable                           0x20000065   Data           1  buzzer.o(.data)
    on_time                                  0x20000066   Data           1  buzzer.o(.data)
    off_time                                 0x20000067   Data           1  buzzer.o(.data)
    Index                                    0x20000068   Data           1  buzzer.o(.data)
    Sound_Page                               0x20000069   Data           1  buzzer.o(.data)
    USART_RX_STA                             0x20000082   Data           2  usart.o(.data)
    SystemCoreClock                          0x2000009c   Data           4  system_stm32f10x.o(.data)
    AHBPrescTable                            0x200000a0   Data          16  system_stm32f10x.o(.data)
    wifi_data_process_buf                    0x200000b0   Data          31  system.o(.bss)
    wifi_uart_rx_buf                         0x200000cf   Data          23  system.o(.bss)
    wifi_uart_tx_buf                         0x200000e6   Data          55  system.o(.bss)
    USART_RX_BUF                             0x20000350   Data         200  usart.o(.bss)
    __libspace_start                         0x20000418   Data          96  libspace.o(.bss)
    __temporary_stack_top$libspace           0x20000478   Data           0  libspace.o(.bss)



==============================================================================

Memory Map of the image

  Image Entry point : 0x08000189

  Load Region LR_1 (Base: 0x08000000, Size: 0x00002888, Max: 0xffffffff, ABSOLUTE)

    Execution Region ER_RO (Exec base: 0x08000000, Load base: 0x08000000, Size: 0x000027d8, Max: 0xffffffff, ABSOLUTE)

    Exec Addr    Load Addr    Size         Type   Attr      Idx    E Section Name        Object

    0x08000000   0x08000000   0x000000ec   Data   RO         4016    RESET               startup_stm32f10x_md.o
    0x080000ec   0x080000ec   0x00000008   Code   RO         4070  * !!!main             c_w.l(__main.o)
    0x080000f4   0x080000f4   0x00000034   Code   RO         4242    !!!scatter          c_w.l(__scatter.o)
    0x08000128   0x08000128   0x0000001a   Code   RO         4244    !!handler_copy      c_w.l(__scatter_copy.o)
    0x08000142   0x08000142   0x00000002   PAD
    0x08000144   0x08000144   0x0000001c   Code   RO         4246    !!handler_zi        c_w.l(__scatter_zi.o)
    0x08000160   0x08000160   0x00000002   Code   RO         4114    .ARM.Collect$$libinit$$00000000  c_w.l(libinit.o)
    0x08000162   0x08000162   0x00000000   Code   RO         4121    .ARM.Collect$$libinit$$00000002  c_w.l(libinit2.o)
    0x08000162   0x08000162   0x00000000   Code   RO         4123    .ARM.Collect$$libinit$$00000004  c_w.l(libinit2.o)
    0x08000162   0x08000162   0x00000000   Code   RO         4126    .ARM.Collect$$libinit$$0000000A  c_w.l(libinit2.o)
    0x08000162   0x08000162   0x00000000   Code   RO         4128    .ARM.Collect$$libinit$$0000000C  c_w.l(libinit2.o)
    0x08000162   0x08000162   0x00000000   Code   RO         4130    .ARM.Collect$$libinit$$0000000E  c_w.l(libinit2.o)
    0x08000162   0x08000162   0x00000000   Code   RO         4133    .ARM.Collect$$libinit$$00000011  c_w.l(libinit2.o)
    0x08000162   0x08000162   0x00000000   Code   RO         4135    .ARM.Collect$$libinit$$00000013  c_w.l(libinit2.o)
    0x08000162   0x08000162   0x00000000   Code   RO         4137    .ARM.Collect$$libinit$$00000015  c_w.l(libinit2.o)
    0x08000162   0x08000162   0x00000000   Code   RO         4139    .ARM.Collect$$libinit$$00000017  c_w.l(libinit2.o)
    0x08000162   0x08000162   0x00000000   Code   RO         4141    .ARM.Collect$$libinit$$00000019  c_w.l(libinit2.o)
    0x08000162   0x08000162   0x00000000   Code   RO         4143    .ARM.Collect$$libinit$$0000001B  c_w.l(libinit2.o)
    0x08000162   0x08000162   0x00000000   Code   RO         4145    .ARM.Collect$$libinit$$0000001D  c_w.l(libinit2.o)
    0x08000162   0x08000162   0x00000000   Code   RO         4147    .ARM.Collect$$libinit$$0000001F  c_w.l(libinit2.o)
    0x08000162   0x08000162   0x00000000   Code   RO         4149    .ARM.Collect$$libinit$$00000021  c_w.l(libinit2.o)
    0x08000162   0x08000162   0x00000000   Code   RO         4151    .ARM.Collect$$libinit$$00000023  c_w.l(libinit2.o)
    0x08000162   0x08000162   0x00000000   Code   RO         4153    .ARM.Collect$$libinit$$00000025  c_w.l(libinit2.o)
    0x08000162   0x08000162   0x00000000   Code   RO         4157    .ARM.Collect$$libinit$$0000002C  c_w.l(libinit2.o)
    0x08000162   0x08000162   0x00000000   Code   RO         4159    .ARM.Collect$$libinit$$0000002E  c_w.l(libinit2.o)
    0x08000162   0x08000162   0x00000000   Code   RO         4161    .ARM.Collect$$libinit$$00000030  c_w.l(libinit2.o)
    0x08000162   0x08000162   0x00000000   Code   RO         4163    .ARM.Collect$$libinit$$00000032  c_w.l(libinit2.o)
    0x08000162   0x08000162   0x00000002   Code   RO         4164    .ARM.Collect$$libinit$$00000033  c_w.l(libinit2.o)
    0x08000164   0x08000164   0x00000002   Code   RO         4182    .ARM.Collect$$libshutdown$$00000000  c_w.l(libshutdown.o)
    0x08000166   0x08000166   0x00000000   Code   RO         4192    .ARM.Collect$$libshutdown$$00000002  c_w.l(libshutdown2.o)
    0x08000166   0x08000166   0x00000000   Code   RO         4194    .ARM.Collect$$libshutdown$$00000004  c_w.l(libshutdown2.o)
    0x08000166   0x08000166   0x00000000   Code   RO         4196    .ARM.Collect$$libshutdown$$00000006  c_w.l(libshutdown2.o)
    0x08000166   0x08000166   0x00000000   Code   RO         4199    .ARM.Collect$$libshutdown$$00000009  c_w.l(libshutdown2.o)
    0x08000166   0x08000166   0x00000000   Code   RO         4202    .ARM.Collect$$libshutdown$$0000000C  c_w.l(libshutdown2.o)
    0x08000166   0x08000166   0x00000000   Code   RO         4204    .ARM.Collect$$libshutdown$$0000000E  c_w.l(libshutdown2.o)
    0x08000166   0x08000166   0x00000000   Code   RO         4207    .ARM.Collect$$libshutdown$$00000011  c_w.l(libshutdown2.o)
    0x08000166   0x08000166   0x00000002   Code   RO         4208    .ARM.Collect$$libshutdown$$00000012  c_w.l(libshutdown2.o)
    0x08000168   0x08000168   0x00000000   Code   RO         4074    .ARM.Collect$$rtentry$$00000000  c_w.l(__rtentry.o)
    0x08000168   0x08000168   0x00000000   Code   RO         4089    .ARM.Collect$$rtentry$$00000002  c_w.l(__rtentry2.o)
    0x08000168   0x08000168   0x00000006   Code   RO         4101    .ARM.Collect$$rtentry$$00000004  c_w.l(__rtentry4.o)
    0x0800016e   0x0800016e   0x00000000   Code   RO         4091    .ARM.Collect$$rtentry$$00000009  c_w.l(__rtentry2.o)
    0x0800016e   0x0800016e   0x00000004   Code   RO         4092    .ARM.Collect$$rtentry$$0000000A  c_w.l(__rtentry2.o)
    0x08000172   0x08000172   0x00000000   Code   RO         4094    .ARM.Collect$$rtentry$$0000000C  c_w.l(__rtentry2.o)
    0x08000172   0x08000172   0x00000008   Code   RO         4095    .ARM.Collect$$rtentry$$0000000D  c_w.l(__rtentry2.o)
    0x0800017a   0x0800017a   0x00000002   Code   RO         4118    .ARM.Collect$$rtexit$$00000000  c_w.l(rtexit.o)
    0x0800017c   0x0800017c   0x00000000   Code   RO         4166    .ARM.Collect$$rtexit$$00000002  c_w.l(rtexit2.o)
    0x0800017c   0x0800017c   0x00000004   Code   RO         4167    .ARM.Collect$$rtexit$$00000003  c_w.l(rtexit2.o)
    0x08000180   0x08000180   0x00000006   Code   RO         4168    .ARM.Collect$$rtexit$$00000004  c_w.l(rtexit2.o)
    0x08000186   0x08000186   0x00000002   PAD
    0x08000188   0x08000188   0x00000040   Code   RO         4017  * .text               startup_stm32f10x_md.o
    0x080001c8   0x080001c8   0x00000002   Code   RO         4023    .text               c_w.l(use_no_semi_2.o)
    0x080001ca   0x080001ca   0x00000006   Code   RO         4068    .text               c_w.l(heapauxi.o)
    0x080001d0   0x080001d0   0x00000002   Code   RO         4072    .text               c_w.l(use_no_semi.o)
    0x080001d2   0x080001d2   0x0000004a   Code   RO         4105    .text               c_w.l(sys_stackheap_outer.o)
    0x0800021c   0x0800021c   0x00000012   Code   RO         4107    .text               c_w.l(exit.o)
    0x0800022e   0x0800022e   0x00000002   PAD
    0x08000230   0x08000230   0x00000008   Code   RO         4115    .text               c_w.l(libspace.o)
    0x08000238   0x08000238   0x00000064   Code   RO         1662    i.AHT20_RD_Byte     sensor_dht20.o
    0x0800029c   0x0800029c   0x00000104   Code   RO         1664    i.AHT20_Read_CTdata_crc  sensor_dht20.o
    0x080003a0   0x080003a0   0x00000022   Code   RO         1666    i.AHT20_Read_Status  sensor_dht20.o
    0x080003c2   0x080003c2   0x00000036   Code   RO         1667    i.AHT20_SendAC      sensor_dht20.o
    0x080003f8   0x080003f8   0x00000018   Code   RO         1668    i.AHT20_Start_Init  sensor_dht20.o
    0x08000410   0x08000410   0x00000070   Code   RO         1669    i.AHT20_WR_Byte     sensor_dht20.o
    0x08000480   0x08000480   0x00000030   Code   RO          569    i.ALL_turn_off      device.o
    0x080004b0   0x080004b0   0x00000014   Code   RO          181    i.AlarmTIMEreset    main_timer.o
    0x080004c4   0x080004c4   0x0000001c   Code   RO          182    i.AlarmTIMEset      main_timer.o
    0x080004e0   0x080004e0   0x0000006c   Code   RO         1560    i.Buzzer_Output     buzzer.o
    0x0800054c   0x0800054c   0x00000018   Code   RO         1561    i.Buzzer_Start      buzzer.o
    0x08000564   0x08000564   0x00000030   Code   RO          571    i.CY_turn           device.o
    0x08000594   0x08000594   0x00000034   Code   RO         1670    i.Calc_CRC8         sensor_dht20.o
    0x080005c8   0x080005c8   0x00000030   Code   RO         2116    i.DHT20_I2C_Config  dht20_i2c.o
    0x080005f8   0x080005f8   0x0000000c   Code   RO         1671    i.DHT20_get_humidity  sensor_dht20.o
    0x08000604   0x08000604   0x0000000c   Code   RO         1672    i.DHT20_get_temperature  sensor_dht20.o
    0x08000610   0x08000610   0x00000034   Code   RO         1673    i.DHT20_update      sensor_dht20.o
    0x08000644   0x08000644   0x0000007c   Code   RO         2038    i.Device_GPIO_Config  device_gpio.o
    0x080006c0   0x080006c0   0x00000074   Code   RO          572    i.Device_Init       device.o
    0x08000734   0x08000734   0x00000030   Code   RO          574    i.FAN_turn          device.o
    0x08000764   0x08000764   0x00000030   Code   RO          576    i.FLZ_turn          device.o
    0x08000794   0x08000794   0x0000001a   Code   RO         1915    i.GPIO_AF_PP        config_103.o
    0x080007ae   0x080007ae   0x0000001a   Code   RO         1916    i.GPIO_In_FLOATING  config_103.o
    0x080007c8   0x080007c8   0x0000001a   Code   RO         1918    i.GPIO_In_PU        config_103.o
    0x080007e2   0x080007e2   0x000000a6   Code   RO         2400    i.GPIO_Init         stm32f10x_gpio.o
    0x08000888   0x08000888   0x0000001a   Code   RO         1920    i.GPIO_Out_PP       config_103.o
    0x080008a2   0x080008a2   0x0000000e   Code   RO         2404    i.GPIO_ReadInputDataBit  stm32f10x_gpio.o
    0x080008b0   0x080008b0   0x00000004   Code   RO         2407    i.GPIO_ResetBits    stm32f10x_gpio.o
    0x080008b4   0x080008b4   0x00000004   Code   RO         2408    i.GPIO_SetBits      stm32f10x_gpio.o
    0x080008b8   0x080008b8   0x0000000c   Code   RO         2411    i.GPIO_WriteBit     stm32f10x_gpio.o
    0x080008c4   0x080008c4   0x00000054   Code   RO          578    i.HEAT_turn         device.o
    0x08000918   0x08000918   0x00000048   Code   RO         1674    i.I2C_Start         sensor_dht20.o
    0x08000960   0x08000960   0x0000003c   Code   RO         1675    i.I2C_Stop          sensor_dht20.o
    0x0800099c   0x0800099c   0x000000a4   Code   RO         1676    i.JH_Reset_REG      sensor_dht20.o
    0x08000a40   0x08000a40   0x00000024   Code   RO         2148    i.JW01_HW_Poweron   jw01_usart.o
    0x08000a64   0x08000a64   0x00000054   Code   RO         2149    i.JW01_USART_Config  jw01_usart.o
    0x08000ab8   0x08000ab8   0x00000010   Code   RO         2150    i.JW01_USART_Enable_Rx  jw01_usart.o
    0x08000ac8   0x08000ac8   0x00000014   Code   RO         1789    i.JW01_get_CH2O     sensor_jw01.o
    0x08000adc   0x08000adc   0x00000014   Code   RO         1790    i.JW01_get_CO2      sensor_jw01.o
    0x08000af0   0x08000af0   0x00000014   Code   RO         1791    i.JW01_get_TVOC     sensor_jw01.o
    0x08000b04   0x08000b04   0x0000001c   Code   RO         1792    i.JW01_read_byte    sensor_jw01.o
    0x08000b20   0x08000b20   0x00000034   Code   RO         1793    i.JW01_start_sampling  sensor_jw01.o
    0x08000b54   0x08000b54   0x00000078   Code   RO         1794    i.JW01_update       sensor_jw01.o
    0x08000bcc   0x08000bcc   0x00000018   Code   RO         2058    i.Key_GPIO_Config   key_gpio.o
    0x08000be4   0x08000be4   0x00000018   Code   RO         2059    i.Key_GPIO_Get_Key  key_gpio.o
    0x08000bfc   0x08000bfc   0x00000004   Code   RO          241    i.Key_Init          key.o
    0x08000c00   0x08000c00   0x00000024   Code   RO          242    i.Key_Scan          key.o
    0x08000c24   0x08000c24   0x00000094   Code   RO          274    i.Key_Task          key_task.o
    0x08000cb8   0x08000cb8   0x00000018   Code   RO          580    i.LIGHT_turn        device.o
    0x08000cd0   0x08000cd0   0x00000046   Code   RO          523    i.Mode_Task         mode_task.o
    0x08000d16   0x08000d16   0x0000002a   Code   RO         1921    i.NVIC_Enable       config_103.o
    0x08000d40   0x08000d40   0x00000064   Code   RO         2728    i.NVIC_Init         stm32f10x_misc.o
    0x08000da4   0x08000da4   0x00000014   Code   RO         2729    i.NVIC_PriorityGroupConfig  stm32f10x_misc.o
    0x08000db8   0x08000db8   0x0000001c   Code   RO         2774    i.RCC_APB1PeriphClockCmd  stm32f10x_rcc.o
    0x08000dd4   0x08000dd4   0x0000001c   Code   RO         2776    i.RCC_APB2PeriphClockCmd  stm32f10x_rcc.o
    0x08000df0   0x08000df0   0x00000008   Code   RO         1922    i.RCC_GPIOA_Enable  config_103.o
    0x08000df8   0x08000df8   0x00000008   Code   RO         1923    i.RCC_GPIOB_Enable  config_103.o
    0x08000e00   0x08000e00   0x00000008   Code   RO         1924    i.RCC_GPIOC_Enable  config_103.o
    0x08000e08   0x08000e08   0x000000ac   Code   RO         2784    i.RCC_GetClocksFreq  stm32f10x_rcc.o
    0x08000eb4   0x08000eb4   0x00000058   Code   RO         1677    i.Receive_ACK       sensor_dht20.o
    0x08000f0c   0x08000f0c   0x0000000c   Code   RO         2117    i.SDA_Input         dht20_i2c.o
    0x08000f18   0x08000f18   0x0000000c   Code   RO         2118    i.SDA_Output        dht20_i2c.o
    0x08000f24   0x08000f24   0x00000054   Code   RO         1678    i.Send_ACK          sensor_dht20.o
    0x08000f78   0x08000f78   0x00000058   Code   RO         1679    i.Send_NOT_ACK      sensor_dht20.o
    0x08000fd0   0x08000fd0   0x0000008e   Code   RO         1680    i.Sensor_DHT20_Init  sensor_dht20.o
    0x0800105e   0x0800105e   0x00000002   PAD
    0x08001060   0x08001060   0x0000002c   Code   RO         1795    i.Sensor_JW01_Init  sensor_jw01.o
    0x0800108c   0x0800108c   0x00000004   Code   RO         3974    i.SetSysClock       system_stm32f10x.o
    0x08001090   0x08001090   0x000000b0   Code   RO         3975    i.SetSysClockTo72   system_stm32f10x.o
    0x08001140   0x08001140   0x0000001c   Code   RO         2732    i.SysTick_CLKSourceConfig  stm32f10x_misc.o
    0x0800115c   0x0800115c   0x00000050   Code   RO         3977    i.SystemInit        system_stm32f10x.o
    0x080011ac   0x080011ac   0x00000054   Code   RO          183    i.TIM2_IRQHandler   main_timer.o
    0x08001200   0x08001200   0x00000288   Code   RO          184    i.TIM4_IRQHandler   main_timer.o
    0x08001488   0x08001488   0x00000006   Code   RO         3241    i.TIM_ClearITPendingBit  stm32f10x_tim.o
    0x0800148e   0x0800148e   0x00000018   Code   RO         3246    i.TIM_Cmd           stm32f10x_tim.o
    0x080014a6   0x080014a6   0x00000018   Code   RO         3267    i.TIM_GetITStatus   stm32f10x_tim.o
    0x080014be   0x080014be   0x00000014   Code   RO         3271    i.TIM_ITConfig      stm32f10x_tim.o
    0x080014d2   0x080014d2   0x00000002   PAD
    0x080014d4   0x080014d4   0x0000009c   Code   RO         3317    i.TIM_TimeBaseInit  stm32f10x_tim.o
    0x08001570   0x08001570   0x00000042   Code   RO         2006    i.Timer_BUZ_Config  timer_main.o
    0x080015b2   0x080015b2   0x00000002   PAD
    0x080015b4   0x080015b4   0x00000050   Code   RO         2008    i.Timer_Main_Config  timer_main.o
    0x08001604   0x08001604   0x00000074   Code   RO         1511    i.USART1_IRQHandler  tuya_wifi_usart.o
    0x08001678   0x08001678   0x0000007c   Code   RO         1796    i.USART2_IRQHandler  sensor_jw01.o
    0x080016f4   0x080016f4   0x0000006c   Code   RO         2212    i.USART3_IRQHandler  usart.o
    0x08001760   0x08001760   0x00000008   Code   RO         3786    i.USART_ClearFlag   stm32f10x_usart.o
    0x08001768   0x08001768   0x00000010   Code   RO         3787    i.USART_ClearITPendingBit  stm32f10x_usart.o
    0x08001778   0x08001778   0x00000018   Code   RO         3790    i.USART_Cmd         stm32f10x_usart.o
    0x08001790   0x08001790   0x00000018   Code   RO         1925    i.USART_Enable      config_103.o
    0x080017a8   0x080017a8   0x00000040   Code   RO         3794    i.USART_GetITStatus  stm32f10x_usart.o
    0x080017e8   0x080017e8   0x00000036   Code   RO         3796    i.USART_ITConfig    stm32f10x_usart.o
    0x0800181e   0x0800181e   0x00000002   PAD
    0x08001820   0x08001820   0x000000bc   Code   RO         3797    i.USART_Init        stm32f10x_usart.o
    0x080018dc   0x080018dc   0x00000008   Code   RO         3804    i.USART_ReceiveData  stm32f10x_usart.o
    0x080018e4   0x080018e4   0x00000008   Code   RO         3807    i.USART_SendData    stm32f10x_usart.o
    0x080018ec   0x080018ec   0x00000024   Code   RO         1926    i.USART_Setup       config_103.o
    0x08001910   0x08001910   0x00000030   Code   RO          582    i.UV_turn           device.o
    0x08001940   0x08001940   0x0000000c   Code   RO         1512    i.UartBuf_Cnt       tuya_wifi_usart.o
    0x0800194c   0x0800194c   0x0000000c   Code   RO         1797    i.UartBuf_Cnt       sensor_jw01.o
    0x08001958   0x08001958   0x00000014   Code   RO         1513    i.UartBuf_RD        tuya_wifi_usart.o
    0x0800196c   0x0800196c   0x00000014   Code   RO         1798    i.UartBuf_RD        sensor_jw01.o
    0x08001980   0x08001980   0x00000012   Code   RO         1514    i.UartBuf_WD        tuya_wifi_usart.o
    0x08001992   0x08001992   0x00000012   Code   RO         1799    i.UartBuf_WD        sensor_jw01.o
    0x080019a4   0x080019a4   0x00000028   Code   RO         2180    i.WIFI_HW_Poweron   wifi_usart.o
    0x080019cc   0x080019cc   0x0000002c   Code   RO         1515    i.WIFI_Init         tuya_wifi_usart.o
    0x080019f8   0x080019f8   0x0000005c   Code   RO         2181    i.WIFI_USART_Config  wifi_usart.o
    0x08001a54   0x08001a54   0x00000010   Code   RO         2182    i.WIFI_USART_Enable_Rx  wifi_usart.o
    0x08001a64   0x08001a64   0x00000024   Code   RO         1516    i.WIFI_USART_Put_Char  tuya_wifi_usart.o
    0x08001a88   0x08001a88   0x00000030   Code   RO          584    i.XX_turn           device.o
    0x08001ab8   0x08001ab8   0x00000002   Code   RO         2213    i._sys_exit         usart.o
    0x08001aba   0x08001aba   0x0000004e   Code   RO         1338    i.all_data_update   protocol.o
    0x08001b08   0x08001b08   0x00000016   Code   RO         1170    i.byte_to_int       mcu_api.o
    0x08001b1e   0x08001b1e   0x00000004   Code   RO          359    i.chunjing_off      mode.o
    0x08001b22   0x08001b22   0x00000002   PAD
    0x08001b24   0x08001b24   0x00000098   Code   RO         1422    i.data_handle       system.o
    0x08001bbc   0x08001bbc   0x00000040   Code   RO         1423    i.data_point_handle  system.o
    0x08001bfc   0x08001bfc   0x0000003c   Code   RO         2262    i.delay_init        delay.o
    0x08001c38   0x08001c38   0x00000034   Code   RO         2263    i.delay_ms          delay.o
    0x08001c6c   0x08001c6c   0x00000034   Code   RO         2264    i.delay_us          delay.o
    0x08001ca0   0x08001ca0   0x0000001a   Code   RO         1339    i.dp_download_auto_handle  protocol.o
    0x08001cba   0x08001cba   0x0000001a   Code   RO         1340    i.dp_download_countdown_handle  protocol.o
    0x08001cd4   0x08001cd4   0x0000001a   Code   RO         1341    i.dp_download_drying_handle  protocol.o
    0x08001cee   0x08001cee   0x0000001a   Code   RO         1342    i.dp_download_fragrance_handle  protocol.o
    0x08001d08   0x08001d08   0x00000046   Code   RO         1343    i.dp_download_handle  protocol.o
    0x08001d4e   0x08001d4e   0x00000056   Code   RO         1344    i.dp_download_mode_handle  protocol.o
    0x08001da4   0x08001da4   0x0000001a   Code   RO         1345    i.dp_download_pause_handle  protocol.o
    0x08001dbe   0x08001dbe   0x0000001a   Code   RO         1346    i.dp_download_start_handle  protocol.o
    0x08001dd8   0x08001dd8   0x0000001a   Code   RO         1347    i.dp_download_switch_handle  protocol.o
    0x08001df2   0x08001df2   0x0000001a   Code   RO         1348    i.dp_download_uv_handle  protocol.o
    0x08001e0c   0x08001e0c   0x00000020   Code   RO          360    i.enter_chunjing_mode  mode.o
    0x08001e2c   0x08001e2c   0x00000034   Code   RO          361    i.enter_honggan_mode  mode.o
    0x08001e60   0x08001e60   0x00000034   Code   RO          362    i.enter_jinhua_mode  mode.o
    0x08001e94   0x08001e94   0x00000034   Code   RO          363    i.enter_shajun_mode  mode.o
    0x08001ec8   0x08001ec8   0x00000034   Code   RO          364    i.enter_xiangxun_mode  mode.o
    0x08001efc   0x08001efc   0x00000034   Code   RO          365    i.enter_zidong_mode  mode.o
    0x08001f30   0x08001f30   0x00000004   Code   RO          721    i.get_CH2O          sensor.o
    0x08001f34   0x08001f34   0x00000004   Code   RO          722    i.get_CO2           sensor.o
    0x08001f38   0x08001f38   0x00000004   Code   RO          723    i.get_TVOC          sensor.o
    0x08001f3c   0x08001f3c   0x0000001c   Code   RO         1424    i.get_check_sum     system.o
    0x08001f58   0x08001f58   0x0000000a   Code   RO          724    i.get_current_humidity  sensor.o
    0x08001f62   0x08001f62   0x0000000a   Code   RO          725    i.get_current_temperature  sensor.o
    0x08001f6c   0x08001f6c   0x00000028   Code   RO         1425    i.get_dowmload_dpid_index  system.o
    0x08001f94   0x08001f94   0x00000004   Code   RO         1349    i.get_download_cmd_total  protocol.o
    0x08001f98   0x08001f98   0x0000000a   Code   RO         1426    i.get_mcu_wifi_mode  system.o
    0x08001fa2   0x08001fa2   0x00000002   PAD
    0x08001fa4   0x08001fa4   0x0000000c   Code   RO          366    i.get_work_mode     mode.o
    0x08001fb0   0x08001fb0   0x0000000c   Code   RO          367    i.get_work_type     mode.o
    0x08001fbc   0x08001fbc   0x00000034   Code   RO         1427    i.heat_beat_check   system.o
    0x08001ff0   0x08001ff0   0x00000012   Code   RO          368    i.honggan_off       mode.o
    0x08002002   0x08002002   0x00000012   Code   RO          369    i.honggan_on        mode.o
    0x08002014   0x08002014   0x00000018   Code   RO          370    i.jinghua_off       mode.o
    0x0800202c   0x0800202c   0x00000018   Code   RO          371    i.jinghua_on        mode.o
    0x08002044   0x08002044   0x00000040   Code   RO            3    i.main              main.o
    0x08002084   0x08002084   0x00000050   Code   RO         1173    i.mcu_dp_bool_update  mcu_api.o
    0x080020d4   0x080020d4   0x00000044   Code   RO         1174    i.mcu_dp_enum_update  mcu_api.o
    0x08002118   0x08002118   0x0000005c   Code   RO         1178    i.mcu_dp_value_update  mcu_api.o
    0x08002174   0x08002174   0x00000004   Code   RO         1179    i.mcu_get_dp_download_bool  mcu_api.o
    0x08002178   0x08002178   0x00000004   Code   RO         1180    i.mcu_get_dp_download_enum  mcu_api.o
    0x0800217c   0x0800217c   0x00000004   Code   RO         1181    i.mcu_get_dp_download_value  mcu_api.o
    0x08002180   0x08002180   0x00000020   Code   RO         1186    i.mcu_set_wifi_mode  mcu_api.o
    0x080021a0   0x080021a0   0x00000046   Code   RO         1187    i.my_memcpy         mcu_api.o
    0x080021e6   0x080021e6   0x00000016   Code   RO         1191    i.my_strlen         mcu_api.o
    0x080021fc   0x080021fc   0x000000cc   Code   RO         1428    i.product_info_update  system.o
    0x080022c8   0x080022c8   0x00000018   Code   RO          372    i.run_chunjing_mode  mode.o
    0x080022e0   0x080022e0   0x00000064   Code   RO          373    i.run_honggan_mode  mode.o
    0x08002344   0x08002344   0x00000058   Code   RO          374    i.run_jinghua_mode  mode.o
    0x0800239c   0x0800239c   0x00000058   Code   RO          375    i.run_shajun_mode   mode.o
    0x080023f4   0x080023f4   0x00000058   Code   RO          376    i.run_xiangxun_mode  mode.o
    0x0800244c   0x0800244c   0x00000018   Code   RO          377    i.run_zidong_mode   mode.o
    0x08002464   0x08002464   0x0000001c   Code   RO         1429    i.set_wifi_uart_buffer  system.o
    0x08002480   0x08002480   0x00000010   Code   RO         1430    i.set_wifi_uart_byte  system.o
    0x08002490   0x08002490   0x0000000c   Code   RO          378    i.set_work_mode     mode.o
    0x0800249c   0x0800249c   0x0000000c   Code   RO          379    i.set_work_type     mode.o
    0x080024a8   0x080024a8   0x00000006   Code   RO          380    i.shajun_off        mode.o
    0x080024ae   0x080024ae   0x00000006   Code   RO          381    i.shajun_on         mode.o
    0x080024b4   0x080024b4   0x00000026   Code   RO            4    i.sytem_init        main.o
    0x080024da   0x080024da   0x00000002   PAD
    0x080024dc   0x080024dc   0x00000028   Code   RO         1431    i.take_byte_rxbuff  system.o
    0x08002504   0x08002504   0x000000a4   Code   RO         2215    i.uart_init         usart.o
    0x080025a8   0x080025a8   0x0000003c   Code   RO         1193    i.uart_receive_input  mcu_api.o
    0x080025e4   0x080025e4   0x00000004   Code   RO         1350    i.uart_transmit_output  protocol.o
    0x080025e8   0x080025e8   0x0000002c   Code   RO         1194    i.wifi_protocol_init  mcu_api.o
    0x08002614   0x08002614   0x000000bc   Code   RO         1195    i.wifi_uart_service  mcu_api.o
    0x080026d0   0x080026d0   0x00000020   Code   RO         1432    i.wifi_uart_write_data  system.o
    0x080026f0   0x080026f0   0x0000003c   Code   RO         1433    i.wifi_uart_write_frame  system.o
    0x0800272c   0x0800272c   0x00000018   Code   RO         1434    i.with_data_rxbuff  system.o
    0x08002744   0x08002744   0x00000006   Code   RO          382    i.xiangxun_off      mode.o
    0x0800274a   0x0800274a   0x00000006   Code   RO          383    i.xiangxun_on       mode.o
    0x08002750   0x08002750   0x00000004   Code   RO          384    i.zidong_off        mode.o
    0x08002754   0x08002754   0x0000000c   Data   RO          385    .constdata          mode.o
    0x08002760   0x08002760   0x00000026   Data   RO         1351    .constdata          protocol.o
    0x08002786   0x08002786   0x00000005   Data   RO         1562    .constdata          buzzer.o
    0x0800278b   0x0800278b   0x00000005   Data   RO         1563    .constdata          buzzer.o
    0x08002790   0x08002790   0x00000005   Data   RO         1564    .constdata          buzzer.o
    0x08002795   0x08002795   0x00000005   Data   RO         1565    .constdata          buzzer.o
    0x0800279a   0x0800279a   0x00000003   Data   RO         1566    .constdata          buzzer.o
    0x0800279d   0x0800279d   0x00000003   Data   RO         1567    .constdata          buzzer.o
    0x080027a0   0x080027a0   0x00000018   Data   RO         1568    .constdata          buzzer.o
    0x080027b8   0x080027b8   0x00000020   Data   RO         4240    Region$$Table       anon$$obj.o


    Execution Region ER_RW (Exec base: 0x20000000, Load base: 0x080027d8, Size: 0x000000b0, Max: 0xffffffff, ABSOLUTE)

    Exec Addr    Load Addr    Size         Type   Attr      Idx    E Section Name        Object

    0x20000000   0x080027d8   0x00000001   Data   RW            5    .data               main.o
    0x20000001   0x080027d9   0x00000003   PAD
    0x20000004   0x080027dc   0x0000002c   Data   RW          185    .data               main_timer.o
    0x20000030   0x08002808   0x00000001   Data   RW          243    .data               key.o
    0x20000031   0x08002809   0x00000003   PAD
    0x20000034   0x0800280c   0x00000004   Data   RW          275    .data               key_task.o
    0x20000038   0x08002810   0x00000010   Data   RW          386    .data               mode.o
    0x20000048   0x08002820   0x0000000c   Data   RW          585    .data               device.o
    0x20000054   0x0800282c   0x00000002   Data   RW         1196    .data               mcu_api.o
    0x20000056   0x0800282e   0x00000002   PAD
    0x20000058   0x08002830   0x0000000c   Data   RW         1436    .data               system.o
    0x20000064   0x0800283c   0x00000001   Data   RW         1437    .data               system.o
    0x20000065   0x0800283d   0x00000005   Data   RW         1569    .data               buzzer.o
    0x2000006a   0x08002842   0x00000002   PAD
    0x2000006c   0x08002844   0x00000008   Data   RW         1681    .data               sensor_dht20.o
    0x20000074   0x0800284c   0x0000000e   Data   RW         1801    .data               sensor_jw01.o
    0x20000082   0x0800285a   0x00000002   Data   RW         2217    .data               usart.o
    0x20000084   0x0800285c   0x00000004   Data   RW         2265    .data               delay.o
    0x20000088   0x08002860   0x00000014   Data   RW         2804    .data               stm32f10x_rcc.o
    0x2000009c   0x08002874   0x00000014   Data   RW         3978    .data               system_stm32f10x.o


    Execution Region ER_ZI (Exec base: 0x200000b0, Load base: 0x08002888, Size: 0x000009c8, Max: 0xffffffff, ABSOLUTE)

    Exec Addr    Load Addr    Size         Type   Attr      Idx    E Section Name        Object

    0x200000b0        -       0x0000006d   Zero   RW         1435    .bss                system.o
    0x2000011d   0x08002888   0x00000003   PAD
    0x20000120        -       0x00000118   Zero   RW         1517    .bss                tuya_wifi_usart.o
    0x20000238        -       0x00000118   Zero   RW         1800    .bss                sensor_jw01.o
    0x20000350        -       0x000000c8   Zero   RW         2216    .bss                usart.o
    0x20000418        -       0x00000060   Zero   RW         4116    .bss                c_w.l(libspace.o)
    0x20000478        -       0x00000200   Zero   RW         4015    HEAP                startup_stm32f10x_md.o
    0x20000678        -       0x00000400   Zero   RW         4014    STACK               startup_stm32f10x_md.o


==============================================================================

Image component sizes


      Code (inc. data)   RO Data    RW Data    ZI Data      Debug   Object Name

       132         20         50          5          0       2049   buzzer.o
       230          0          0          0          0       5387   config_103.o
       164         26          0          4          0       1595   delay.o
       512         70          0         12          0       4526   device.o
       124          8          0          0          0        513   device_gpio.o
        72         12          0          0          0       1252   dht20_i2c.o
       136         16          0          0          0       1365   jw01_usart.o
        40          4          0          1          0        942   key.o
        48         10          0          0          0        949   key_gpio.o
       148         10          0          4          0        707   key_task.o
       102          6          0          1          0     256021   main.o
       780         34          0         44          0       3319   main_timer.o
       690         58          0          2          0       8146   mcu_api.o
       868        108         12         16          0      13253   mode.o
        70          6          0          0          0        696   mode_task.o
       450         24         38          0          0       8594   protocol.o
        32          0          0          0          0       2157   sensor.o
      1410         52          0          8          0       9949   sensor_dht20.o
       478         44          0         14        280       6308   sensor_jw01.o
        64         26        236          0       1536        812   startup_stm32f10x_md.o
       200          0          0          0          0       4440   stm32f10x_gpio.o
       148         14          0          0          0       2297   stm32f10x_misc.o
       228         30          0         20          0       4686   stm32f10x_rcc.o
       230         42          0          0          0       3826   stm32f10x_tim.o
       370          6          0          0          0       7167   stm32f10x_usart.o
       750        130          0         13        109       9846   system.o
       260         26          0         20          0       2149   system_stm32f10x.o
       146          6          0          0          0       1011   timer_main.o
       246         22          0          0        280       3718   tuya_wifi_usart.o
       274         32          0          2        200       3488   usart.o
       148         22          0          0          0       1373   wifi_usart.o

    ----------------------------------------------------------------------
      9564        864        368        176       2408     372541   Object Totals
         0          0         32          0          0          0   (incl. Generated)
        14          0          0         10          3          0   (incl. Padding)

    ----------------------------------------------------------------------

      Code (inc. data)   RO Data    RW Data    ZI Data      Debug   Library Member Name

         8          0          0          0          0         68   __main.o
         0          0          0          0          0          0   __rtentry.o
        12          0          0          0          0          0   __rtentry2.o
         6          0          0          0          0          0   __rtentry4.o
        52          8          0          0          0          0   __scatter.o
        26          0          0          0          0          0   __scatter_copy.o
        28          0          0          0          0          0   __scatter_zi.o
        18          0          0          0          0         80   exit.o
         6          0          0          0          0        152   heapauxi.o
         2          0          0          0          0          0   libinit.o
         2          0          0          0          0          0   libinit2.o
         2          0          0          0          0          0   libshutdown.o
         2          0          0          0          0          0   libshutdown2.o
         8          4          0          0         96         68   libspace.o
         2          0          0          0          0          0   rtexit.o
        10          0          0          0          0          0   rtexit2.o
        74          0          0          0          0         80   sys_stackheap_outer.o
         2          0          0          0          0         68   use_no_semi.o
         2          0          0          0          0         68   use_no_semi_2.o

    ----------------------------------------------------------------------
       268         12          0          0         96        584   Library Totals
         6          0          0          0          0          0   (incl. Padding)

    ----------------------------------------------------------------------

      Code (inc. data)   RO Data    RW Data    ZI Data      Debug   Library Name

       262         12          0          0         96        584   c_w.l

    ----------------------------------------------------------------------
       268         12          0          0         96        584   Library Totals

    ----------------------------------------------------------------------

==============================================================================


      Code (inc. data)   RO Data    RW Data    ZI Data      Debug   

      9832        876        368        176       2504     363709   Grand Totals
      9832        876        368        176       2504     363709   ELF Image Totals
      9832        876        368        176          0          0   ROM Totals

==============================================================================

    Total RO  Size (Code + RO Data)                10200 (   9.96kB)
    Total RW  Size (RW Data + ZI Data)              2680 (   2.62kB)
    Total ROM Size (Code + RO Data + RW Data)      10376 (  10.13kB)

==============================================================================

